#! /c/Source/iverilog-install/bin/vvp
:ivl_version "12.0 (devel)" "(s20150603-1539-g2693dd32b)";
:ivl_delay_selection "TYPICAL";
:vpi_time_precision - 12;
:vpi_module "D:\iverilog\lib\ivl\system.vpi";
:vpi_module "D:\iverilog\lib\ivl\vhdl_sys.vpi";
:vpi_module "D:\iverilog\lib\ivl\vhdl_textio.vpi";
:vpi_module "D:\iverilog\lib\ivl\v2005_math.vpi";
:vpi_module "D:\iverilog\lib\ivl\va_math.vpi";
S_000001a5034fe220 .scope module, "top_module_tb" "top_module_tb" 2 3;
 .timescale -9 -12;
v000001a503567c10_0 .var "clk", 0 0;
v000001a503568430_0 .var "dataValid", 0 0;
v000001a503567d50_0 .var "data_in", 3 0;
v000001a503568cf0_0 .net "done", 0 0, L_000001a5035069d0;  1 drivers
v000001a5035681b0_0 .var/i "i", 31 0;
v000001a503568570_0 .var "rst", 0 0;
v000001a503568250_0 .net "sum", 6 0, v000001a503568750_0;  1 drivers
v000001a503567fd0 .array "test_data", 9 0, 3 0;
E_000001a5035080f0 .event anyedge, v000001a503567f30_0;
S_000001a5034fe3b0 .scope module, "uut" "top_module" 2 13, 3 1 0, S_000001a5034fe220;
 .timescale -9 -12;
    .port_info 0 /INPUT 1 "clk";
    .port_info 1 /INPUT 1 "rst";
    .port_info 2 /INPUT 1 "dataValid";
    .port_info 3 /INPUT 4 "data_in";
    .port_info 4 /OUTPUT 7 "sum";
    .port_info 5 /OUTPUT 1 "done";
L_000001a5035069d0 .functor BUFZ 1, v000001a503568bb0_0, C4<0>, C4<0>, C4<0>;
v000001a503568c50_0 .net "clk", 0 0, v000001a503567c10_0;  1 drivers
v000001a5035690b0_0 .net "dataValid", 0 0, v000001a503568430_0;  1 drivers
v000001a5035698d0_0 .net "data_in", 3 0, v000001a503567d50_0;  1 drivers
v000001a503567f30_0 .net "done", 0 0, L_000001a5035069d0;  alias, 1 drivers
v000001a503569970_0 .net "dp_done", 0 0, v000001a503568bb0_0;  1 drivers
v000001a503569ab0_0 .net "rst", 0 0, v000001a503568570_0;  1 drivers
v000001a5035689d0_0 .net "state", 3 0, v000001a5034f54b0_0;  1 drivers
v000001a503568a70_0 .net "sum", 6 0, v000001a503568750_0;  alias, 1 drivers
S_000001a5034e8d30 .scope module, "ctrl" "controller" 3 15, 4 1 0, S_000001a5034fe3b0;
 .timescale -9 -12;
    .port_info 0 /INPUT 1 "clk";
    .port_info 1 /INPUT 1 "rst";
    .port_info 2 /INPUT 1 "dataValid";
    .port_info 3 /INPUT 1 "dp_done";
    .port_info 4 /OUTPUT 4 "state";
P_000001a5034e8ec0 .param/l "S_DONE" 0 4 14, C4<0110>;
P_000001a5034e8ef8 .param/l "S_IDLE" 0 4 8, C4<0000>;
P_000001a5034e8f30 .param/l "S_LOAD_1" 0 4 9, C4<0001>;
P_000001a5034e8f68 .param/l "S_LOAD_2" 0 4 10, C4<0010>;
P_000001a5034e8fa0 .param/l "S_LOAD_3" 0 4 11, C4<0011>;
P_000001a5034e8fd8 .param/l "S_RUN" 0 4 12, C4<0100>;
P_000001a5034e9010 .param/l "S_RUN_IS" 0 4 13, C4<0101>;
v000001a5034f4150_0 .net "clk", 0 0, v000001a503567c10_0;  alias, 1 drivers
v000001a5034f4330_0 .var "counter", 3 0;
v000001a5034f4510_0 .net "dataValid", 0 0, v000001a503568430_0;  alias, 1 drivers
v000001a5034f4a10_0 .net "dp_done", 0 0, v000001a503568bb0_0;  alias, 1 drivers
v000001a5034f4ab0_0 .var "next_state", 3 0;
v000001a5034f5370_0 .net "rst", 0 0, v000001a503568570_0;  alias, 1 drivers
v000001a5034f54b0_0 .var "state", 3 0;
E_000001a503508070 .event anyedge, v000001a5034f54b0_0, v000001a5034f4330_0, v000001a5034f4510_0, v000001a5034f4a10_0;
E_000001a503507a30 .event posedge, v000001a5034f5370_0, v000001a5034f4150_0;
S_000001a5034deed0 .scope module, "dp" "datapath" 3 24, 5 1 0, S_000001a5034fe3b0;
 .timescale -9 -12;
    .port_info 0 /INPUT 1 "clk";
    .port_info 1 /INPUT 1 "rst";
    .port_info 2 /INPUT 4 "data_in";
    .port_info 3 /INPUT 4 "state";
    .port_info 4 /OUTPUT 7 "sum";
    .port_info 5 /OUTPUT 1 "dp_done";
P_000001a5034df060 .param/l "S_DONE" 0 5 16, C4<0110>;
P_000001a5034df098 .param/l "S_IDLE" 0 5 10, C4<0000>;
P_000001a5034df0d0 .param/l "S_LOAD_1" 0 5 11, C4<0001>;
P_000001a5034df108 .param/l "S_LOAD_2" 0 5 12, C4<0010>;
P_000001a5034df140 .param/l "S_LOAD_3" 0 5 13, C4<0011>;
P_000001a5034df178 .param/l "S_RUN" 0 5 14, C4<0100>;
P_000001a5034df1b0 .param/l "S_RUN_IS" 0 5 15, C4<0101>;
v000001a5035696f0_0 .net "adder_cout", 0 0, L_000001a5035c8d20;  1 drivers
v000001a503568ed0_0 .net "adder_sum", 6 0, L_000001a50356aa30;  1 drivers
v000001a503568890_0 .net "clk", 0 0, v000001a503567c10_0;  alias, 1 drivers
v000001a503567cb0_0 .net "data_in", 3 0, v000001a503567d50_0;  alias, 1 drivers
v000001a503568bb0_0 .var "dp_done", 0 0;
v000001a503567e90_0 .var "in1", 6 0;
v000001a503568e30_0 .var "in2", 6 0;
v000001a503569790 .array "mem", 0 10, 3 0;
v000001a5035682f0_0 .var "mem_ptr", 3 0;
v000001a503568d90_0 .net "rst", 0 0, v000001a503568570_0;  alias, 1 drivers
v000001a5035686b0_0 .var "run_ptr", 3 0;
v000001a503569a10_0 .net "state", 3 0, v000001a5034f54b0_0;  alias, 1 drivers
v000001a503568750_0 .var "sum", 6 0;
v000001a503568930_0 .var "temp_sum", 6 0;
E_000001a503507830 .event posedge, v000001a5034f4150_0;
E_000001a503507ff0 .event posedge, v000001a5034f5370_0;
S_000001a5034d49e0 .scope module, "adder" "ripple_adder_7bit" 5 27, 6 12 0, S_000001a5034deed0;
 .timescale -9 -12;
    .port_info 0 /INPUT 7 "a";
    .port_info 1 /INPUT 7 "b";
    .port_info 2 /OUTPUT 7 "sum";
    .port_info 3 /OUTPUT 1 "cout";
o000001a50350d0a8 .functor BUFZ 1, C4<z>; HiZ drive
; Elide local net with no drivers, v000001a503569330_0 name=_ivl_71
v000001a503568b10_0 .net "a", 6 0, v000001a503567e90_0;  1 drivers
v000001a503569650_0 .net "b", 6 0, v000001a503568e30_0;  1 drivers
v000001a5035687f0_0 .net "carry", 6 0, L_000001a503569db0;  1 drivers
v000001a5035693d0_0 .net "cout", 0 0, L_000001a5035c8d20;  alias, 1 drivers
v000001a503568110_0 .net "sum", 6 0, L_000001a50356aa30;  alias, 1 drivers
L_000001a503567df0 .part v000001a503567e90_0, 0, 1;
L_000001a50356a7b0 .part v000001a503568e30_0, 0, 1;
L_000001a50356b430 .part v000001a503567e90_0, 1, 1;
L_000001a50356a2b0 .part v000001a503568e30_0, 1, 1;
L_000001a50356b4d0 .part L_000001a503569db0, 0, 1;
L_000001a50356a350 .part v000001a503567e90_0, 2, 1;
L_000001a50356bbb0 .part v000001a503568e30_0, 2, 1;
L_000001a50356a670 .part L_000001a503569db0, 1, 1;
L_000001a50356a3f0 .part v000001a503567e90_0, 3, 1;
L_000001a50356ac10 .part v000001a503568e30_0, 3, 1;
L_000001a50356a850 .part L_000001a503569db0, 2, 1;
L_000001a50356acb0 .part v000001a503567e90_0, 4, 1;
L_000001a50356bb10 .part v000001a503568e30_0, 4, 1;
L_000001a503569e50 .part L_000001a503569db0, 3, 1;
L_000001a50356b070 .part v000001a503567e90_0, 5, 1;
L_000001a50356a8f0 .part v000001a503568e30_0, 5, 1;
L_000001a50356bc50 .part L_000001a503569db0, 4, 1;
L_000001a50356ab70 .part v000001a503567e90_0, 6, 1;
L_000001a50356a990 .part v000001a503568e30_0, 6, 1;
L_000001a50356afd0 .part L_000001a503569db0, 5, 1;
LS_000001a50356aa30_0_0 .concat8 [ 1 1 1 1], L_000001a503506810, L_000001a503506dc0, L_000001a5035068f0, L_000001a5035062d0;
LS_000001a50356aa30_0_4 .concat8 [ 1 1 1 0], L_000001a503506500, L_000001a5035c8930, L_000001a5035c8150;
L_000001a50356aa30 .concat8 [ 4 3 0 0], LS_000001a50356aa30_0_0, LS_000001a50356aa30_0_4;
LS_000001a503569db0_0_0 .concat [ 1 1 1 1], L_000001a503507060, L_000001a503506880, L_000001a503506730, L_000001a503506ce0;
LS_000001a503569db0_0_4 .concat [ 1 1 1 0], L_000001a5035c8f50, L_000001a5035c8e70, o000001a50350d0a8;
L_000001a503569db0 .concat [ 4 3 0 0], LS_000001a503569db0_0_0, LS_000001a503569db0_0_4;
S_000001a5034d4b70 .scope module, "fa0" "full_adder" 6 20, 6 1 0, S_000001a5034d49e0;
 .timescale -9 -12;
    .port_info 0 /INPUT 1 "a";
    .port_info 1 /INPUT 1 "b";
    .port_info 2 /INPUT 1 "cin";
    .port_info 3 /OUTPUT 1 "sum";
    .port_info 4 /OUTPUT 1 "cout";
L_000001a5035067a0 .functor XOR 1, L_000001a503567df0, L_000001a50356a7b0, C4<0>, C4<0>;
L_000001a503580088 .functor BUFT 1, C4<0>, C4<0>, C4<0>, C4<0>;
L_000001a503506810 .functor XOR 1, L_000001a5035067a0, L_000001a503580088, C4<0>, C4<0>;
L_000001a503506a40 .functor AND 1, L_000001a503567df0, L_000001a50356a7b0, C4<1>, C4<1>;
L_000001a5035070d0 .functor AND 1, L_000001a50356a7b0, L_000001a503580088, C4<1>, C4<1>;
L_000001a503506d50 .functor OR 1, L_000001a503506a40, L_000001a5035070d0, C4<0>, C4<0>;
L_000001a5035066c0 .functor AND 1, L_000001a503567df0, L_000001a503580088, C4<1>, C4<1>;
L_000001a503507060 .functor OR 1, L_000001a503506d50, L_000001a5035066c0, C4<0>, C4<0>;
v000001a5034f4bf0_0 .net *"_ivl_0", 0 0, L_000001a5035067a0;  1 drivers
v000001a5034f4c90_0 .net *"_ivl_10", 0 0, L_000001a5035066c0;  1 drivers
v000001a5034f4f10_0 .net *"_ivl_4", 0 0, L_000001a503506a40;  1 drivers
v000001a5034c37e0_0 .net *"_ivl_6", 0 0, L_000001a5035070d0;  1 drivers
v000001a5034c41e0_0 .net *"_ivl_8", 0 0, L_000001a503506d50;  1 drivers
v000001a5034c4500_0 .net "a", 0 0, L_000001a503567df0;  1 drivers
v000001a5034c45a0_0 .net "b", 0 0, L_000001a50356a7b0;  1 drivers
v000001a50355d080_0 .net "cin", 0 0, L_000001a503580088;  1 drivers
v000001a50355c0e0_0 .net "cout", 0 0, L_000001a503507060;  1 drivers
v000001a50355be60_0 .net "sum", 0 0, L_000001a503506810;  1 drivers
S_000001a5034ca550 .scope module, "fa1" "full_adder" 6 21, 6 1 0, S_000001a5034d49e0;
 .timescale -9 -12;
    .port_info 0 /INPUT 1 "a";
    .port_info 1 /INPUT 1 "b";
    .port_info 2 /INPUT 1 "cin";
    .port_info 3 /OUTPUT 1 "sum";
    .port_info 4 /OUTPUT 1 "cout";
L_000001a503506ab0 .functor XOR 1, L_000001a50356b430, L_000001a50356a2b0, C4<0>, C4<0>;
L_000001a503506dc0 .functor XOR 1, L_000001a503506ab0, L_000001a50356b4d0, C4<0>, C4<0>;
L_000001a503507140 .functor AND 1, L_000001a50356b430, L_000001a50356a2b0, C4<1>, C4<1>;
L_000001a503506f10 .functor AND 1, L_000001a50356a2b0, L_000001a50356b4d0, C4<1>, C4<1>;
L_000001a503506f80 .functor OR 1, L_000001a503507140, L_000001a503506f10, C4<0>, C4<0>;
L_000001a503506b20 .functor AND 1, L_000001a50356b430, L_000001a50356b4d0, C4<1>, C4<1>;
L_000001a503506880 .functor OR 1, L_000001a503506f80, L_000001a503506b20, C4<0>, C4<0>;
v000001a50355c900_0 .net *"_ivl_0", 0 0, L_000001a503506ab0;  1 drivers
v000001a50355c9a0_0 .net *"_ivl_10", 0 0, L_000001a503506b20;  1 drivers
v000001a50355d9e0_0 .net *"_ivl_4", 0 0, L_000001a503507140;  1 drivers
v000001a50355c220_0 .net *"_ivl_6", 0 0, L_000001a503506f10;  1 drivers
v000001a50355d6c0_0 .net *"_ivl_8", 0 0, L_000001a503506f80;  1 drivers
v000001a50355bf00_0 .net "a", 0 0, L_000001a50356b430;  1 drivers
v000001a50355c5e0_0 .net "b", 0 0, L_000001a50356a2b0;  1 drivers
v000001a50355c2c0_0 .net "cin", 0 0, L_000001a50356b4d0;  1 drivers
v000001a50355c4a0_0 .net "cout", 0 0, L_000001a503506880;  1 drivers
v000001a50355c540_0 .net "sum", 0 0, L_000001a503506dc0;  1 drivers
S_000001a5034ca6e0 .scope module, "fa2" "full_adder" 6 22, 6 1 0, S_000001a5034d49e0;
 .timescale -9 -12;
    .port_info 0 /INPUT 1 "a";
    .port_info 1 /INPUT 1 "b";
    .port_info 2 /INPUT 1 "cin";
    .port_info 3 /OUTPUT 1 "sum";
    .port_info 4 /OUTPUT 1 "cout";
L_000001a503506ff0 .functor XOR 1, L_000001a50356a350, L_000001a50356bbb0, C4<0>, C4<0>;
L_000001a5035068f0 .functor XOR 1, L_000001a503506ff0, L_000001a50356a670, C4<0>, C4<0>;
L_000001a503506570 .functor AND 1, L_000001a50356a350, L_000001a50356bbb0, C4<1>, C4<1>;
L_000001a503506340 .functor AND 1, L_000001a50356bbb0, L_000001a50356a670, C4<1>, C4<1>;
L_000001a5035071b0 .functor OR 1, L_000001a503506570, L_000001a503506340, C4<0>, C4<0>;
L_000001a503506b90 .functor AND 1, L_000001a50356a350, L_000001a50356a670, C4<1>, C4<1>;
L_000001a503506730 .functor OR 1, L_000001a5035071b0, L_000001a503506b90, C4<0>, C4<0>;
v000001a50355c7c0_0 .net *"_ivl_0", 0 0, L_000001a503506ff0;  1 drivers
v000001a50355cf40_0 .net *"_ivl_10", 0 0, L_000001a503506b90;  1 drivers
v000001a50355d760_0 .net *"_ivl_4", 0 0, L_000001a503506570;  1 drivers
v000001a50355d620_0 .net *"_ivl_6", 0 0, L_000001a503506340;  1 drivers
v000001a50355ca40_0 .net *"_ivl_8", 0 0, L_000001a5035071b0;  1 drivers
v000001a50355bfa0_0 .net "a", 0 0, L_000001a50356a350;  1 drivers
v000001a50355d940_0 .net "b", 0 0, L_000001a50356bbb0;  1 drivers
v000001a50355d120_0 .net "cin", 0 0, L_000001a50356a670;  1 drivers
v000001a50355c680_0 .net "cout", 0 0, L_000001a503506730;  1 drivers
v000001a50355cae0_0 .net "sum", 0 0, L_000001a5035068f0;  1 drivers
S_000001a503406830 .scope module, "fa3" "full_adder" 6 23, 6 1 0, S_000001a5034d49e0;
 .timescale -9 -12;
    .port_info 0 /INPUT 1 "a";
    .port_info 1 /INPUT 1 "b";
    .port_info 2 /INPUT 1 "cin";
    .port_info 3 /OUTPUT 1 "sum";
    .port_info 4 /OUTPUT 1 "cout";
L_000001a503506960 .functor XOR 1, L_000001a50356a3f0, L_000001a50356ac10, C4<0>, C4<0>;
L_000001a5035062d0 .functor XOR 1, L_000001a503506960, L_000001a50356a850, C4<0>, C4<0>;
L_000001a5035063b0 .functor AND 1, L_000001a50356a3f0, L_000001a50356ac10, C4<1>, C4<1>;
L_000001a503506c00 .functor AND 1, L_000001a50356ac10, L_000001a50356a850, C4<1>, C4<1>;
L_000001a503506c70 .functor OR 1, L_000001a5035063b0, L_000001a503506c00, C4<0>, C4<0>;
L_000001a503506420 .functor AND 1, L_000001a50356a3f0, L_000001a50356a850, C4<1>, C4<1>;
L_000001a503506ce0 .functor OR 1, L_000001a503506c70, L_000001a503506420, C4<0>, C4<0>;
v000001a50355d1c0_0 .net *"_ivl_0", 0 0, L_000001a503506960;  1 drivers
v000001a50355cfe0_0 .net *"_ivl_10", 0 0, L_000001a503506420;  1 drivers
v000001a50355cea0_0 .net *"_ivl_4", 0 0, L_000001a5035063b0;  1 drivers
v000001a50355c720_0 .net *"_ivl_6", 0 0, L_000001a503506c00;  1 drivers
v000001a50355da80_0 .net *"_ivl_8", 0 0, L_000001a503506c70;  1 drivers
v000001a50355c860_0 .net "a", 0 0, L_000001a50356a3f0;  1 drivers
v000001a50355d300_0 .net "b", 0 0, L_000001a50356ac10;  1 drivers
v000001a50355cb80_0 .net "cin", 0 0, L_000001a50356a850;  1 drivers
v000001a50355bbe0_0 .net "cout", 0 0, L_000001a503506ce0;  1 drivers
v000001a50355d4e0_0 .net "sum", 0 0, L_000001a5035062d0;  1 drivers
S_000001a5034069c0 .scope module, "fa4" "full_adder" 6 24, 6 1 0, S_000001a5034d49e0;
 .timescale -9 -12;
    .port_info 0 /INPUT 1 "a";
    .port_info 1 /INPUT 1 "b";
    .port_info 2 /INPUT 1 "cin";
    .port_info 3 /OUTPUT 1 "sum";
    .port_info 4 /OUTPUT 1 "cout";
L_000001a503506490 .functor XOR 1, L_000001a50356acb0, L_000001a50356bb10, C4<0>, C4<0>;
L_000001a503506500 .functor XOR 1, L_000001a503506490, L_000001a503569e50, C4<0>, C4<0>;
L_000001a5035c84d0 .functor AND 1, L_000001a50356acb0, L_000001a50356bb10, C4<1>, C4<1>;
L_000001a5035c80e0 .functor AND 1, L_000001a50356bb10, L_000001a503569e50, C4<1>, C4<1>;
L_000001a5035c8fc0 .functor OR 1, L_000001a5035c84d0, L_000001a5035c80e0, C4<0>, C4<0>;
L_000001a5035c8d90 .functor AND 1, L_000001a50356acb0, L_000001a503569e50, C4<1>, C4<1>;
L_000001a5035c8f50 .functor OR 1, L_000001a5035c8fc0, L_000001a5035c8d90, C4<0>, C4<0>;
v000001a50355c180_0 .net *"_ivl_0", 0 0, L_000001a503506490;  1 drivers
v000001a50355d260_0 .net *"_ivl_10", 0 0, L_000001a5035c8d90;  1 drivers
v000001a50355cc20_0 .net *"_ivl_4", 0 0, L_000001a5035c84d0;  1 drivers
v000001a50355cd60_0 .net *"_ivl_6", 0 0, L_000001a5035c80e0;  1 drivers
v000001a50355d3a0_0 .net *"_ivl_8", 0 0, L_000001a5035c8fc0;  1 drivers
v000001a50355bc80_0 .net "a", 0 0, L_000001a50356acb0;  1 drivers
v000001a50355ccc0_0 .net "b", 0 0, L_000001a50356bb10;  1 drivers
v000001a50355d580_0 .net "cin", 0 0, L_000001a503569e50;  1 drivers
v000001a50355d800_0 .net "cout", 0 0, L_000001a5035c8f50;  1 drivers
v000001a50355d440_0 .net "sum", 0 0, L_000001a503506500;  1 drivers
S_000001a503406b50 .scope module, "fa5" "full_adder" 6 25, 6 1 0, S_000001a5034d49e0;
 .timescale -9 -12;
    .port_info 0 /INPUT 1 "a";
    .port_info 1 /INPUT 1 "b";
    .port_info 2 /INPUT 1 "cin";
    .port_info 3 /OUTPUT 1 "sum";
    .port_info 4 /OUTPUT 1 "cout";
L_000001a5035c8460 .functor XOR 1, L_000001a50356b070, L_000001a50356a8f0, C4<0>, C4<0>;
L_000001a5035c8930 .functor XOR 1, L_000001a5035c8460, L_000001a50356bc50, C4<0>, C4<0>;
L_000001a5035c8c40 .functor AND 1, L_000001a50356b070, L_000001a50356a8f0, C4<1>, C4<1>;
L_000001a5035c8cb0 .functor AND 1, L_000001a50356a8f0, L_000001a50356bc50, C4<1>, C4<1>;
L_000001a5035c83f0 .functor OR 1, L_000001a5035c8c40, L_000001a5035c8cb0, C4<0>, C4<0>;
L_000001a5035c81c0 .functor AND 1, L_000001a50356b070, L_000001a50356bc50, C4<1>, C4<1>;
L_000001a5035c8e70 .functor OR 1, L_000001a5035c83f0, L_000001a5035c81c0, C4<0>, C4<0>;
v000001a50355ce00_0 .net *"_ivl_0", 0 0, L_000001a5035c8460;  1 drivers
v000001a50355d8a0_0 .net *"_ivl_10", 0 0, L_000001a5035c81c0;  1 drivers
v000001a50355bd20_0 .net *"_ivl_4", 0 0, L_000001a5035c8c40;  1 drivers
v000001a50355bdc0_0 .net *"_ivl_6", 0 0, L_000001a5035c8cb0;  1 drivers
v000001a50355c040_0 .net *"_ivl_8", 0 0, L_000001a5035c83f0;  1 drivers
v000001a50355c360_0 .net "a", 0 0, L_000001a50356b070;  1 drivers
v000001a50355c400_0 .net "b", 0 0, L_000001a50356a8f0;  1 drivers
v000001a503569290_0 .net "cin", 0 0, L_000001a50356bc50;  1 drivers
v000001a503569150_0 .net "cout", 0 0, L_000001a5035c8e70;  1 drivers
v000001a503569470_0 .net "sum", 0 0, L_000001a5035c8930;  1 drivers
S_000001a503569bd0 .scope module, "fa6" "full_adder" 6 26, 6 1 0, S_000001a5034d49e0;
 .timescale -9 -12;
    .port_info 0 /INPUT 1 "a";
    .port_info 1 /INPUT 1 "b";
    .port_info 2 /INPUT 1 "cin";
    .port_info 3 /OUTPUT 1 "sum";
    .port_info 4 /OUTPUT 1 "cout";
L_000001a5035c8620 .functor XOR 1, L_000001a50356ab70, L_000001a50356a990, C4<0>, C4<0>;
L_000001a5035c8150 .functor XOR 1, L_000001a5035c8620, L_000001a50356afd0, C4<0>, C4<0>;
L_000001a5035c8770 .functor AND 1, L_000001a50356ab70, L_000001a50356a990, C4<1>, C4<1>;
L_000001a5035c8230 .functor AND 1, L_000001a50356a990, L_000001a50356afd0, C4<1>, C4<1>;
L_000001a5035c8380 .functor OR 1, L_000001a5035c8770, L_000001a5035c8230, C4<0>, C4<0>;
L_000001a5035c8690 .functor AND 1, L_000001a50356ab70, L_000001a50356afd0, C4<1>, C4<1>;
L_000001a5035c8d20 .functor OR 1, L_000001a5035c8380, L_000001a5035c8690, C4<0>, C4<0>;
v000001a5035695b0_0 .net *"_ivl_0", 0 0, L_000001a5035c8620;  1 drivers
v000001a503568390_0 .net *"_ivl_10", 0 0, L_000001a5035c8690;  1 drivers
v000001a503568070_0 .net *"_ivl_4", 0 0, L_000001a5035c8770;  1 drivers
v000001a5035691f0_0 .net *"_ivl_6", 0 0, L_000001a5035c8230;  1 drivers
v000001a5035684d0_0 .net *"_ivl_8", 0 0, L_000001a5035c8380;  1 drivers
v000001a503569830_0 .net "a", 0 0, L_000001a50356ab70;  1 drivers
v000001a503569510_0 .net "b", 0 0, L_000001a50356a990;  1 drivers
v000001a503568610_0 .net "cin", 0 0, L_000001a50356afd0;  1 drivers
v000001a503569010_0 .net "cout", 0 0, L_000001a5035c8d20;  alias, 1 drivers
v000001a503568f70_0 .net "sum", 0 0, L_000001a5035c8150;  1 drivers
    .scope S_000001a5034e8d30;
T_0 ;
    %pushi/vec4 0, 0, 4;
    %assign/vec4 v000001a5034f54b0_0, 0;
    %end;
    .thread T_0;
    .scope S_000001a5034e8d30;
T_1 ;
    %wait E_000001a503507a30;
    %load/vec4 v000001a5034f5370_0;
    %flag_set/vec4 8;
    %jmp/0xz  T_1.0, 8;
    %pushi/vec4 0, 0, 4;
    %assign/vec4 v000001a5034f54b0_0, 0;
    %pushi/vec4 0, 0, 4;
    %assign/vec4 v000001a5034f4330_0, 0;
    %jmp T_1.1;
T_1.0 ;
    %vpi_call 4 28 "$display", "State: %b,nextState: %b, dataValid: %b Counter: %d", v000001a5034f54b0_0, v000001a5034f4ab0_0, v000001a5034f4510_0, v000001a5034f4330_0 {0 0 0};
    %load/vec4 v000001a5034f4ab0_0;
    %assign/vec4 v000001a5034f54b0_0, 0;
    %load/vec4 v000001a5034f54b0_0;
    %cmpi/e 2, 0, 4;
    %jmp/0xz  T_1.2, 4;
    %load/vec4 v000001a5034f4330_0;
    %addi 1, 0, 4;
    %assign/vec4 v000001a5034f4330_0, 0;
T_1.2 ;
T_1.1 ;
    %jmp T_1;
    .thread T_1;
    .scope S_000001a5034e8d30;
T_2 ;
    %wait E_000001a503508070;
    %load/vec4 v000001a5034f54b0_0;
    %dup/vec4;
    %pushi/vec4 0, 0, 4;
    %cmp/u;
    %jmp/1 T_2.0, 6;
    %dup/vec4;
    %pushi/vec4 1, 0, 4;
    %cmp/u;
    %jmp/1 T_2.1, 6;
    %dup/vec4;
    %pushi/vec4 2, 0, 4;
    %cmp/u;
    %jmp/1 T_2.2, 6;
    %dup/vec4;
    %pushi/vec4 3, 0, 4;
    %cmp/u;
    %jmp/1 T_2.3, 6;
    %dup/vec4;
    %pushi/vec4 4, 0, 4;
    %cmp/u;
    %jmp/1 T_2.4, 6;
    %dup/vec4;
    %pushi/vec4 5, 0, 4;
    %cmp/u;
    %jmp/1 T_2.5, 6;
    %dup/vec4;
    %pushi/vec4 6, 0, 4;
    %cmp/u;
    %jmp/1 T_2.6, 6;
    %pushi/vec4 0, 0, 4;
    %store/vec4 v000001a5034f4ab0_0, 0, 4;
    %jmp T_2.8;
T_2.0 ;
    %pushi/vec4 1, 0, 4;
    %store/vec4 v000001a5034f4ab0_0, 0, 4;
    %jmp T_2.8;
T_2.1 ;
    %load/vec4 v000001a5034f4330_0;
    %pad/u 32;
    %cmpi/e 8, 0, 32;
    %flag_get/vec4 4;
    %jmp/0 T_2.11, 4;
    %load/vec4 v000001a5034f4510_0;
    %nor/r;
    %and;
T_2.11;
    %flag_set/vec4 8;
    %jmp/0xz  T_2.9, 8;
    %pushi/vec4 4, 0, 4;
    %store/vec4 v000001a5034f4ab0_0, 0, 4;
    %jmp T_2.10;
T_2.9 ;
    %load/vec4 v000001a5034f4510_0;
    %flag_set/vec4 8;
    %jmp/0xz  T_2.12, 8;
    %pushi/vec4 2, 0, 4;
    %store/vec4 v000001a5034f4ab0_0, 0, 4;
    %jmp T_2.13;
T_2.12 ;
    %pushi/vec4 1, 0, 4;
    %store/vec4 v000001a5034f4ab0_0, 0, 4;
T_2.13 ;
T_2.10 ;
    %jmp T_2.8;
T_2.2 ;
    %pushi/vec4 3, 0, 4;
    %store/vec4 v000001a5034f4ab0_0, 0, 4;
    %jmp T_2.8;
T_2.3 ;
    %load/vec4 v000001a5034f4510_0;
    %nor/r;
    %flag_set/vec4 8;
    %jmp/0xz  T_2.14, 8;
    %pushi/vec4 1, 0, 4;
    %store/vec4 v000001a5034f4ab0_0, 0, 4;
    %jmp T_2.15;
T_2.14 ;
    %pushi/vec4 3, 0, 4;
    %store/vec4 v000001a5034f4ab0_0, 0, 4;
T_2.15 ;
    %jmp T_2.8;
T_2.4 ;
    %load/vec4 v000001a5034f4a10_0;
    %flag_set/vec4 8;
    %jmp/0xz  T_2.16, 8;
    %pushi/vec4 6, 0, 4;
    %store/vec4 v000001a5034f4ab0_0, 0, 4;
    %jmp T_2.17;
T_2.16 ;
    %pushi/vec4 5, 0, 4;
    %store/vec4 v000001a5034f4ab0_0, 0, 4;
T_2.17 ;
    %jmp T_2.8;
T_2.5 ;
    %pushi/vec4 4, 0, 4;
    %store/vec4 v000001a5034f4ab0_0, 0, 4;
    %jmp T_2.8;
T_2.6 ;
    %pushi/vec4 6, 0, 4;
    %store/vec4 v000001a5034f4ab0_0, 0, 4;
    %jmp T_2.8;
T_2.8 ;
    %pop/vec4 1;
    %jmp T_2;
    .thread T_2, $push;
    .scope S_000001a5034deed0;
T_3 ;
    %pushi/vec4 0, 0, 4;
    %store/vec4 v000001a5035686b0_0, 0, 4;
    %pushi/vec4 0, 0, 4;
    %store/vec4 v000001a5035682f0_0, 0, 4;
    %pushi/vec4 0, 0, 1;
    %store/vec4 v000001a503568bb0_0, 0, 1;
    %pushi/vec4 0, 0, 7;
    %store/vec4 v000001a503568930_0, 0, 7;
    %pushi/vec4 0, 0, 7;
    %store/vec4 v000001a503567e90_0, 0, 7;
    %pushi/vec4 0, 0, 7;
    %store/vec4 v000001a503568e30_0, 0, 7;
    %pushi/vec4 0, 0, 7;
    %store/vec4 v000001a503568750_0, 0, 7;
    %end;
    .thread T_3;
    .scope S_000001a5034deed0;
T_4 ;
    %wait E_000001a503507ff0;
    %pushi/vec4 0, 0, 4;
    %store/vec4 v000001a5035686b0_0, 0, 4;
    %pushi/vec4 0, 0, 4;
    %store/vec4 v000001a5035682f0_0, 0, 4;
    %pushi/vec4 0, 0, 1;
    %store/vec4 v000001a503568bb0_0, 0, 1;
    %pushi/vec4 0, 0, 7;
    %store/vec4 v000001a503568930_0, 0, 7;
    %pushi/vec4 0, 0, 7;
    %store/vec4 v000001a503567e90_0, 0, 7;
    %pushi/vec4 0, 0, 7;
    %store/vec4 v000001a503568e30_0, 0, 7;
    %pushi/vec4 0, 0, 7;
    %store/vec4 v000001a503568750_0, 0, 7;
    %jmp T_4;
    .thread T_4;
    .scope S_000001a5034deed0;
T_5 ;
    %wait E_000001a503507830;
    %load/vec4 v000001a503569a10_0;
    %dup/vec4;
    %pushi/vec4 2, 0, 4;
    %cmp/u;
    %jmp/1 T_5.0, 6;
    %dup/vec4;
    %pushi/vec4 4, 0, 4;
    %cmp/u;
    %jmp/1 T_5.1, 6;
    %dup/vec4;
    %pushi/vec4 5, 0, 4;
    %cmp/u;
    %jmp/1 T_5.2, 6;
    %dup/vec4;
    %pushi/vec4 6, 0, 4;
    %cmp/u;
    %jmp/1 T_5.3, 6;
    %jmp T_5.4;
T_5.0 ;
    %vpi_call 5 57 "$display", "loading in memory at %d, data : %d", v000001a5035682f0_0, v000001a503567cb0_0 {0 0 0};
    %load/vec4 v000001a503567cb0_0;
    %load/vec4 v000001a5035682f0_0;
    %pad/u 5;
    %ix/vec4 3;
    %ix/load 4, 0, 0; Constant delay
    %assign/vec4/a/d v000001a503569790, 0, 4;
    %load/vec4 v000001a5035682f0_0;
    %addi 1, 0, 4;
    %assign/vec4 v000001a5035682f0_0, 0;
    %jmp T_5.4;
T_5.1 ;
    %load/vec4 v000001a5035686b0_0;
    %cmpi/e 7, 0, 4;
    %jmp/0xz  T_5.5, 6;
    %pushi/vec4 1, 0, 1;
    %assign/vec4 v000001a503568bb0_0, 0;
    %load/vec4 v000001a503568ed0_0;
    %assign/vec4 v000001a503568930_0, 0;
    %jmp T_5.6;
T_5.5 ;
    %load/vec4 v000001a503568ed0_0;
    %assign/vec4 v000001a503568930_0, 0;
T_5.6 ;
    %delay 1000, 0;
    %load/vec4 v000001a5035686b0_0;
    %pad/u 5;
    %ix/vec4 4;
    %load/vec4a v000001a503569790, 4;
    %vpi_call 5 69 "$display", "running at %d, data : %d,temp_sum : %d", v000001a5035686b0_0, S<0,vec4,u4>, v000001a503568930_0 {1 0 0};
    %jmp T_5.4;
T_5.2 ;
    %vpi_call 5 72 "$display", "in runis" {0 0 0};
    %load/vec4 v000001a503568930_0;
    %assign/vec4 v000001a503567e90_0, 0;
    %load/vec4 v000001a5035686b0_0;
    %pad/u 5;
    %ix/vec4 4;
    %load/vec4a v000001a503569790, 4;
    %pad/u 7;
    %assign/vec4 v000001a503568e30_0, 0;
    %load/vec4 v000001a5035686b0_0;
    %addi 1, 0, 4;
    %assign/vec4 v000001a5035686b0_0, 0;
    %jmp T_5.4;
T_5.3 ;
    %vpi_call 5 78 "$display", "out %d", v000001a503568930_0 {0 0 0};
    %load/vec4 v000001a503568930_0;
    %assign/vec4 v000001a503568750_0, 0;
    %jmp T_5.4;
T_5.4 ;
    %pop/vec4 1;
    %jmp T_5;
    .thread T_5;
    .scope S_000001a5034fe220;
T_6 ;
    %delay 10000, 0;
    %load/vec4 v000001a503567c10_0;
    %inv;
    %store/vec4 v000001a503567c10_0, 0, 1;
    %jmp T_6;
    .thread T_6;
    .scope S_000001a5034fe220;
T_7 ;
    %pushi/vec4 0, 0, 1;
    %store/vec4 v000001a503567c10_0, 0, 1;
    %pushi/vec4 1, 0, 1;
    %store/vec4 v000001a503568570_0, 0, 1;
    %pushi/vec4 0, 0, 1;
    %store/vec4 v000001a503568430_0, 0, 1;
    %pushi/vec4 0, 0, 4;
    %store/vec4 v000001a503567d50_0, 0, 4;
    %pushi/vec4 3, 0, 4;
    %ix/load 4, 0, 0;
    %flag_set/imm 4, 0;
    %store/vec4a v000001a503567fd0, 4, 0;
    %pushi/vec4 5, 0, 4;
    %ix/load 4, 1, 0;
    %flag_set/imm 4, 0;
    %store/vec4a v000001a503567fd0, 4, 0;
    %pushi/vec4 7, 0, 4;
    %ix/load 4, 2, 0;
    %flag_set/imm 4, 0;
    %store/vec4a v000001a503567fd0, 4, 0;
    %pushi/vec4 2, 0, 4;
    %ix/load 4, 3, 0;
    %flag_set/imm 4, 0;
    %store/vec4a v000001a503567fd0, 4, 0;
    %pushi/vec4 9, 0, 4;
    %ix/load 4, 4, 0;
    %flag_set/imm 4, 0;
    %store/vec4a v000001a503567fd0, 4, 0;
    %pushi/vec4 1, 0, 4;
    %ix/load 4, 5, 0;
    %flag_set/imm 4, 0;
    %store/vec4a v000001a503567fd0, 4, 0;
    %pushi/vec4 8, 0, 4;
    %ix/load 4, 6, 0;
    %flag_set/imm 4, 0;
    %store/vec4a v000001a503567fd0, 4, 0;
    %pushi/vec4 4, 0, 4;
    %ix/load 4, 7, 0;
    %flag_set/imm 4, 0;
    %store/vec4a v000001a503567fd0, 4, 0;
    %pushi/vec4 6, 0, 4;
    %ix/load 4, 8, 0;
    %flag_set/imm 4, 0;
    %store/vec4a v000001a503567fd0, 4, 0;
    %pushi/vec4 0, 0, 4;
    %ix/load 4, 9, 0;
    %flag_set/imm 4, 0;
    %store/vec4a v000001a503567fd0, 4, 0;
    %delay 20000, 0;
    %pushi/vec4 0, 0, 1;
    %store/vec4 v000001a503568570_0, 0, 1;
    %delay 40000, 0;
    %pushi/vec4 0, 0, 32;
    %store/vec4 v000001a5035681b0_0, 0, 32;
T_7.0 ;
    %load/vec4 v000001a5035681b0_0;
    %cmpi/s 10, 0, 32;
    %jmp/0xz T_7.1, 5;
    %pushi/vec4 1, 0, 1;
    %store/vec4 v000001a503568430_0, 0, 1;
    %ix/getv/s 4, v000001a5035681b0_0;
    %load/vec4a v000001a503567fd0, 4;
    %store/vec4 v000001a503567d50_0, 0, 4;
    %pushi/vec4 2, 0, 32;
T_7.2 %dup/vec4;
    %pushi/vec4 0, 0, 32;
    %cmp/s;
    %jmp/1xz T_7.3, 5;
    %jmp/1 T_7.3, 4;
    %pushi/vec4 1, 0, 32;
    %sub;
    %wait E_000001a503507830;
    %jmp T_7.2;
T_7.3 ;
    %pop/vec4 1;
    %pushi/vec4 0, 0, 1;
    %store/vec4 v000001a503568430_0, 0, 1;
    %pushi/vec4 2, 0, 32;
T_7.4 %dup/vec4;
    %pushi/vec4 0, 0, 32;
    %cmp/s;
    %jmp/1xz T_7.5, 5;
    %jmp/1 T_7.5, 4;
    %pushi/vec4 1, 0, 32;
    %sub;
    %wait E_000001a503507830;
    %jmp T_7.4;
T_7.5 ;
    %pop/vec4 1;
    %load/vec4 v000001a5035681b0_0;
    %addi 1, 0, 32;
    %store/vec4 v000001a5035681b0_0, 0, 32;
    %jmp T_7.0;
T_7.1 ;
T_7.6 ;
    %load/vec4 v000001a503568cf0_0;
    %cmpi/ne 1, 0, 1;
    %jmp/0xz T_7.7, 6;
    %wait E_000001a5035080f0;
    %jmp T_7.6;
T_7.7 ;
    %delay 40000, 0;
    %vpi_call 2 71 "$display", "Test completed! Final sum: %d", v000001a503568250_0 {0 0 0};
    %delay 100000, 0;
    %vpi_call 2 74 "$finish" {0 0 0};
    %end;
    .thread T_7;
    .scope S_000001a5034fe220;
T_8 ;
    %vpi_call 2 79 "$monitor", "Time: %0t, State: %h, Data In: %d, Sum: %d, Done: %b dataValid: %b", $time, v000001a5035689d0_0, v000001a503567d50_0, v000001a503568250_0, v000001a503568cf0_0, v000001a503568430_0 {0 0 0};
    %end;
    .thread T_8;
    .scope S_000001a5034fe220;
T_9 ;
    %vpi_call 2 85 "$dumpfile", "top_module_tb.vcd" {0 0 0};
    %vpi_call 2 86 "$dumpvars", 32'sb00000000000000000000000000000000, S_000001a5034fe220 {0 0 0};
    %end;
    .thread T_9;
# The file index is used to find the file name in the following table.
:file_names 7;
    "N/A";
    "<interactive>";
    ".\testbench.v";
    ".\iterative.v";
    ".\controller.v";
    ".\datapath.v";
    ".\adders.v";
