#! /c/Source/iverilog-install/bin/vvp
:ivl_version "12.0 (devel)" "(s20150603-1539-g2693dd32b)";
:ivl_delay_selection "TYPICAL";
:vpi_time_precision - 12;
:vpi_module "C:\iverilog\lib\ivl\system.vpi";
:vpi_module "C:\iverilog\lib\ivl\vhdl_sys.vpi";
:vpi_module "C:\iverilog\lib\ivl\vhdl_textio.vpi";
:vpi_module "C:\iverilog\lib\ivl\v2005_math.vpi";
:vpi_module "C:\iverilog\lib\ivl\va_math.vpi";
S_00000183c1ebbd70 .scope module, "tb_top" "tb_top" 2 3;
 .timescale -9 -12;
v00000183c1f214a0_0 .var "clk", 0 0;
v00000183c1f208c0_0 .var "data_in", 3 0;
v00000183c1f212c0_0 .var "data_valid", 0 0;
v00000183c1f217c0_0 .net "done", 0 0, v00000183c1f17b60_0;  1 drivers
v00000183c1f20c80_0 .var/i "i", 31 0;
v00000183c1f20dc0 .array "input_array", 7 0, 3 0;
v00000183c1f21220_0 .net "result", 6 0, v00000183c1f16a80_0;  1 drivers
v00000183c1f210e0_0 .var "rst", 0 0;
E_00000183c1eb95c0 .event anyedge, v00000183c1f17b60_0;
E_00000183c1eb9800 .event negedge, v00000183c1eb1ec0_0;
S_00000183c1ebb1d0 .scope module, "uut" "top" 2 12, 3 2 0, S_00000183c1ebbd70;
 .timescale -9 -12;
    .port_info 0 /INPUT 1 "clk";
    .port_info 1 /INPUT 1 "rst";
    .port_info 2 /INPUT 1 "data_valid";
    .port_info 3 /INPUT 4 "data_in";
    .port_info 4 /OUTPUT 7 "result";
    .port_info 5 /OUTPUT 1 "done";
L_00000183c1eba750 .functor BUFZ 1, v00000183c1f17b60_0, C4<0>, C4<0>, C4<0>;
v00000183c1f170c0_0 .net "accumulate", 0 0, v00000183c1eb0660_0;  1 drivers
v00000183c1f172a0_0 .net "clk", 0 0, v00000183c1f214a0_0;  1 drivers
v00000183c1f16b20_0 .net "data_in", 3 0, v00000183c1f208c0_0;  1 drivers
v00000183c1f16080_0 .net "data_valid", 0 0, v00000183c1f212c0_0;  1 drivers
v00000183c1f173e0_0 .net "done", 0 0, v00000183c1f17b60_0;  alias, 1 drivers
v00000183c1f175c0_0 .net "done_wire", 0 0, L_00000183c1eba750;  1 drivers
v00000183c1f17660_0 .net "load", 0 0, v00000183c1eb0ac0_0;  1 drivers
v00000183c1f21a40_0 .net "result", 6 0, v00000183c1f16a80_0;  alias, 1 drivers
v00000183c1f219a0_0 .net "rst", 0 0, v00000183c1f210e0_0;  1 drivers
S_00000183c1ebb360 .scope module, "u_controller" "controller" 3 15, 4 2 0, S_00000183c1ebb1d0;
 .timescale -9 -12;
    .port_info 0 /INPUT 1 "clk";
    .port_info 1 /INPUT 1 "rst";
    .port_info 2 /INPUT 1 "data_valid";
    .port_info 3 /INPUT 1 "done";
    .port_info 4 /OUTPUT 1 "load";
    .port_info 5 /OUTPUT 1 "accumulate";
P_00000183c1eb4090 .param/l "ACCUM" 0 4 16, C4<011>;
P_00000183c1eb40c8 .param/l "DONE" 0 4 17, C4<100>;
P_00000183c1eb4100 .param/l "IDLE" 0 4 13, C4<000>;
P_00000183c1eb4138 .param/l "LOAD_1" 0 4 14, C4<001>;
P_00000183c1eb4170 .param/l "LOAD_2" 0 4 15, C4<010>;
v00000183c1eb0660_0 .var "accumulate", 0 0;
v00000183c1eb1ec0_0 .net "clk", 0 0, v00000183c1f214a0_0;  alias, 1 drivers
v00000183c1eb2140_0 .var "count", 3 0;
v00000183c1eb08e0_0 .net "data_valid", 0 0, v00000183c1f212c0_0;  alias, 1 drivers
v00000183c1eb0980_0 .net "done", 0 0, L_00000183c1eba750;  alias, 1 drivers
v00000183c1eb0ac0_0 .var "load", 0 0;
v00000183c1eb0e80_0 .var "next", 2 0;
v00000183c1ea9020_0 .net "rst", 0 0, v00000183c1f210e0_0;  alias, 1 drivers
v00000183c1ea9660_0 .var "state", 2 0;
E_00000183c1eb85c0 .event posedge, v00000183c1ea9020_0, v00000183c1eb1ec0_0;
E_00000183c1eb87c0 .event posedge, v00000183c1eb1ec0_0;
S_00000183c1e994d0 .scope module, "u_datapath" "datapath" 3 24, 5 2 0, S_00000183c1ebb1d0;
 .timescale -9 -12;
    .port_info 0 /INPUT 1 "clk";
    .port_info 1 /INPUT 1 "rst";
    .port_info 2 /INPUT 1 "load";
    .port_info 3 /INPUT 1 "accumulate";
    .port_info 4 /INPUT 4 "data_in";
    .port_info 5 /OUTPUT 7 "result";
    .port_info 6 /OUTPUT 1 "done";
L_00000183c1f400d0 .functor BUFT 1, C4<000>, C4<0>, C4<0>, C4<0>;
v00000183c1f17a20_0 .net/2u *"_ivl_0", 2 0, L_00000183c1f400d0;  1 drivers
v00000183c1f16f80_0 .net *"_ivl_2", 3 0, L_00000183c1f21040;  1 drivers
v00000183c1f16580_0 .net *"_ivl_4", 4 0, L_00000183c1f203c0;  1 drivers
L_00000183c1f40118 .functor BUFT 1, C4<00>, C4<0>, C4<0>, C4<0>;
v00000183c1f17020_0 .net *"_ivl_7", 1 0, L_00000183c1f40118;  1 drivers
v00000183c1f166c0_0 .net "accumulate", 0 0, v00000183c1eb0660_0;  alias, 1 drivers
v00000183c1f16120_0 .var "accumulating", 0 0;
v00000183c1f16620_0 .var "add_ptr", 2 0;
v00000183c1f16760_0 .net "adder_out", 6 0, L_00000183c1f21cc0;  1 drivers
v00000183c1f17980_0 .net "clk", 0 0, v00000183c1f214a0_0;  alias, 1 drivers
v00000183c1f16940_0 .net "cout", 0 0, L_00000183c1f88150;  1 drivers
v00000183c1f169e0_0 .net "data_in", 3 0, v00000183c1f208c0_0;  alias, 1 drivers
v00000183c1f17b60_0 .var "done", 0 0;
v00000183c1f17520_0 .net "load", 0 0, v00000183c1eb0ac0_0;  alias, 1 drivers
v00000183c1f17d40 .array "regs", 7 0, 3 0;
v00000183c1f16a80_0 .var "result", 6 0;
v00000183c1f17de0_0 .net "rst", 0 0, v00000183c1f210e0_0;  alias, 1 drivers
v00000183c1f17e80_0 .var "temp_sum", 6 0;
v00000183c1f15fe0_0 .var "write_ptr", 2 0;
L_00000183c1f21040 .array/port v00000183c1f17d40, L_00000183c1f203c0;
L_00000183c1f203c0 .concat [ 3 2 0 0], v00000183c1f16620_0, L_00000183c1f40118;
L_00000183c1f21d60 .concat [ 4 3 0 0], L_00000183c1f21040, L_00000183c1f400d0;
S_00000183c1e99660 .scope module, "adder" "ripple_adder_7bit" 5 22, 6 12 0, S_00000183c1e994d0;
 .timescale -9 -12;
    .port_info 0 /INPUT 7 "a";
    .port_info 1 /INPUT 7 "b";
    .port_info 2 /OUTPUT 7 "sum";
    .port_info 3 /OUTPUT 1 "cout";
o00000183c1ec4378 .functor BUFZ 1, C4<z>; HiZ drive
; Elide local net with no drivers, v00000183c1f16ee0_0 name=_ivl_71
v00000183c1f16d00_0 .net "a", 6 0, v00000183c1f17e80_0;  1 drivers
v00000183c1f164e0_0 .net "b", 6 0, L_00000183c1f21d60;  1 drivers
v00000183c1f17200_0 .net "carry", 6 0, L_00000183c1f20820;  1 drivers
v00000183c1f16800_0 .net "cout", 0 0, L_00000183c1f88150;  alias, 1 drivers
v00000183c1f17ac0_0 .net "sum", 6 0, L_00000183c1f21cc0;  alias, 1 drivers
L_00000183c1f20280 .part v00000183c1f17e80_0, 0, 1;
L_00000183c1f20500 .part L_00000183c1f21d60, 0, 1;
L_00000183c1f20f00 .part v00000183c1f17e80_0, 1, 1;
L_00000183c1f206e0 .part L_00000183c1f21d60, 1, 1;
L_00000183c1f21540 .part L_00000183c1f20820, 0, 1;
L_00000183c1f20780 .part v00000183c1f17e80_0, 2, 1;
L_00000183c1f20a00 .part L_00000183c1f21d60, 2, 1;
L_00000183c1f21860 .part L_00000183c1f20820, 1, 1;
L_00000183c1f20460 .part v00000183c1f17e80_0, 3, 1;
L_00000183c1f21680 .part L_00000183c1f21d60, 3, 1;
L_00000183c1f21ae0 .part L_00000183c1f20820, 2, 1;
L_00000183c1f20d20 .part v00000183c1f17e80_0, 4, 1;
L_00000183c1f20640 .part L_00000183c1f21d60, 4, 1;
L_00000183c1f20960 .part L_00000183c1f20820, 3, 1;
L_00000183c1f21720 .part v00000183c1f17e80_0, 5, 1;
L_00000183c1f20e60 .part L_00000183c1f21d60, 5, 1;
L_00000183c1f20fa0 .part L_00000183c1f20820, 4, 1;
L_00000183c1f215e0 .part v00000183c1f17e80_0, 6, 1;
L_00000183c1f20aa0 .part L_00000183c1f21d60, 6, 1;
L_00000183c1f21180 .part L_00000183c1f20820, 5, 1;
LS_00000183c1f21cc0_0_0 .concat8 [ 1 1 1 1], L_00000183c1eba210, L_00000183c1eba600, L_00000183c1ebb010, L_00000183c1eba910;
LS_00000183c1f21cc0_0_4 .concat8 [ 1 1 1 0], L_00000183c1f88e00, L_00000183c1f88f50, L_00000183c1f88d20;
L_00000183c1f21cc0 .concat8 [ 4 3 0 0], LS_00000183c1f21cc0_0_0, LS_00000183c1f21cc0_0_4;
LS_00000183c1f20820_0_0 .concat [ 1 1 1 1], L_00000183c1ebab40, L_00000183c1ebad00, L_00000183c1eba440, L_00000183c1e9caf0;
LS_00000183c1f20820_0_4 .concat [ 1 1 1 0], L_00000183c1f88700, L_00000183c1f882a0, o00000183c1ec4378;
L_00000183c1f20820 .concat [ 4 3 0 0], LS_00000183c1f20820_0_0, LS_00000183c1f20820_0_4;
S_00000183c1e94890 .scope module, "fa0" "full_adder" 6 20, 6 1 0, S_00000183c1e99660;
 .timescale -9 -12;
    .port_info 0 /INPUT 1 "a";
    .port_info 1 /INPUT 1 "b";
    .port_info 2 /INPUT 1 "cin";
    .port_info 3 /OUTPUT 1 "sum";
    .port_info 4 /OUTPUT 1 "cout";
L_00000183c1ebaad0 .functor XOR 1, L_00000183c1f20280, L_00000183c1f20500, C4<0>, C4<0>;
L_00000183c1f40088 .functor BUFT 1, C4<0>, C4<0>, C4<0>, C4<0>;
L_00000183c1eba210 .functor XOR 1, L_00000183c1ebaad0, L_00000183c1f40088, C4<0>, C4<0>;
L_00000183c1eba590 .functor AND 1, L_00000183c1f20280, L_00000183c1f20500, C4<1>, C4<1>;
L_00000183c1ebac90 .functor AND 1, L_00000183c1f20500, L_00000183c1f40088, C4<1>, C4<1>;
L_00000183c1ebac20 .functor OR 1, L_00000183c1eba590, L_00000183c1ebac90, C4<0>, C4<0>;
L_00000183c1eba360 .functor AND 1, L_00000183c1f20280, L_00000183c1f40088, C4<1>, C4<1>;
L_00000183c1ebab40 .functor OR 1, L_00000183c1ebac20, L_00000183c1eba360, C4<0>, C4<0>;
v00000183c1ea97a0_0 .net *"_ivl_0", 0 0, L_00000183c1ebaad0;  1 drivers
v00000183c1f12290_0 .net *"_ivl_10", 0 0, L_00000183c1eba360;  1 drivers
v00000183c1f13050_0 .net *"_ivl_4", 0 0, L_00000183c1eba590;  1 drivers
v00000183c1f128d0_0 .net *"_ivl_6", 0 0, L_00000183c1ebac90;  1 drivers
v00000183c1f11e30_0 .net *"_ivl_8", 0 0, L_00000183c1ebac20;  1 drivers
v00000183c1f12ab0_0 .net "a", 0 0, L_00000183c1f20280;  1 drivers
v00000183c1f12970_0 .net "b", 0 0, L_00000183c1f20500;  1 drivers
v00000183c1f12510_0 .net "cin", 0 0, L_00000183c1f40088;  1 drivers
v00000183c1f12f10_0 .net "cout", 0 0, L_00000183c1ebab40;  1 drivers
v00000183c1f123d0_0 .net "sum", 0 0, L_00000183c1eba210;  1 drivers
S_00000183c1e94a20 .scope module, "fa1" "full_adder" 6 21, 6 1 0, S_00000183c1e99660;
 .timescale -9 -12;
    .port_info 0 /INPUT 1 "a";
    .port_info 1 /INPUT 1 "b";
    .port_info 2 /INPUT 1 "cin";
    .port_info 3 /OUTPUT 1 "sum";
    .port_info 4 /OUTPUT 1 "cout";
L_00000183c1ebaec0 .functor XOR 1, L_00000183c1f20f00, L_00000183c1f206e0, C4<0>, C4<0>;
L_00000183c1eba600 .functor XOR 1, L_00000183c1ebaec0, L_00000183c1f21540, C4<0>, C4<0>;
L_00000183c1eba830 .functor AND 1, L_00000183c1f20f00, L_00000183c1f206e0, C4<1>, C4<1>;
L_00000183c1ebabb0 .functor AND 1, L_00000183c1f206e0, L_00000183c1f21540, C4<1>, C4<1>;
L_00000183c1eba4b0 .functor OR 1, L_00000183c1eba830, L_00000183c1ebabb0, C4<0>, C4<0>;
L_00000183c1eba670 .functor AND 1, L_00000183c1f20f00, L_00000183c1f21540, C4<1>, C4<1>;
L_00000183c1ebad00 .functor OR 1, L_00000183c1eba4b0, L_00000183c1eba670, C4<0>, C4<0>;
v00000183c1f13870_0 .net *"_ivl_0", 0 0, L_00000183c1ebaec0;  1 drivers
v00000183c1f13af0_0 .net *"_ivl_10", 0 0, L_00000183c1eba670;  1 drivers
v00000183c1f126f0_0 .net *"_ivl_4", 0 0, L_00000183c1eba830;  1 drivers
v00000183c1f120b0_0 .net *"_ivl_6", 0 0, L_00000183c1ebabb0;  1 drivers
v00000183c1f12fb0_0 .net *"_ivl_8", 0 0, L_00000183c1eba4b0;  1 drivers
v00000183c1f12330_0 .net "a", 0 0, L_00000183c1f20f00;  1 drivers
v00000183c1f11ed0_0 .net "b", 0 0, L_00000183c1f206e0;  1 drivers
v00000183c1f13370_0 .net "cin", 0 0, L_00000183c1f21540;  1 drivers
v00000183c1f12150_0 .net "cout", 0 0, L_00000183c1ebad00;  1 drivers
v00000183c1f135f0_0 .net "sum", 0 0, L_00000183c1eba600;  1 drivers
S_00000183c1f15e00 .scope module, "fa2" "full_adder" 6 22, 6 1 0, S_00000183c1e99660;
 .timescale -9 -12;
    .port_info 0 /INPUT 1 "a";
    .port_info 1 /INPUT 1 "b";
    .port_info 2 /INPUT 1 "cin";
    .port_info 3 /OUTPUT 1 "sum";
    .port_info 4 /OUTPUT 1 "cout";
L_00000183c1ebaf30 .functor XOR 1, L_00000183c1f20780, L_00000183c1f20a00, C4<0>, C4<0>;
L_00000183c1ebb010 .functor XOR 1, L_00000183c1ebaf30, L_00000183c1f21860, C4<0>, C4<0>;
L_00000183c1ebb080 .functor AND 1, L_00000183c1f20780, L_00000183c1f20a00, C4<1>, C4<1>;
L_00000183c1eba2f0 .functor AND 1, L_00000183c1f20a00, L_00000183c1f21860, C4<1>, C4<1>;
L_00000183c1eba8a0 .functor OR 1, L_00000183c1ebb080, L_00000183c1eba2f0, C4<0>, C4<0>;
L_00000183c1eba6e0 .functor AND 1, L_00000183c1f20780, L_00000183c1f21860, C4<1>, C4<1>;
L_00000183c1eba440 .functor OR 1, L_00000183c1eba8a0, L_00000183c1eba6e0, C4<0>, C4<0>;
v00000183c1f12470_0 .net *"_ivl_0", 0 0, L_00000183c1ebaf30;  1 drivers
v00000183c1f13910_0 .net *"_ivl_10", 0 0, L_00000183c1eba6e0;  1 drivers
v00000183c1f139b0_0 .net *"_ivl_4", 0 0, L_00000183c1ebb080;  1 drivers
v00000183c1f125b0_0 .net *"_ivl_6", 0 0, L_00000183c1eba2f0;  1 drivers
v00000183c1f12650_0 .net *"_ivl_8", 0 0, L_00000183c1eba8a0;  1 drivers
v00000183c1f12790_0 .net "a", 0 0, L_00000183c1f20780;  1 drivers
v00000183c1f121f0_0 .net "b", 0 0, L_00000183c1f20a00;  1 drivers
v00000183c1f137d0_0 .net "cin", 0 0, L_00000183c1f21860;  1 drivers
v00000183c1f11f70_0 .net "cout", 0 0, L_00000183c1eba440;  1 drivers
v00000183c1f134b0_0 .net "sum", 0 0, L_00000183c1ebb010;  1 drivers
S_00000183c1e932a0 .scope module, "fa3" "full_adder" 6 23, 6 1 0, S_00000183c1e99660;
 .timescale -9 -12;
    .port_info 0 /INPUT 1 "a";
    .port_info 1 /INPUT 1 "b";
    .port_info 2 /INPUT 1 "cin";
    .port_info 3 /OUTPUT 1 "sum";
    .port_info 4 /OUTPUT 1 "cout";
L_00000183c1eba3d0 .functor XOR 1, L_00000183c1f20460, L_00000183c1f21680, C4<0>, C4<0>;
L_00000183c1eba910 .functor XOR 1, L_00000183c1eba3d0, L_00000183c1f21ae0, C4<0>, C4<0>;
L_00000183c1eba520 .functor AND 1, L_00000183c1f20460, L_00000183c1f21680, C4<1>, C4<1>;
L_00000183c1eba7c0 .functor AND 1, L_00000183c1f21680, L_00000183c1f21ae0, C4<1>, C4<1>;
L_00000183c1ebaa60 .functor OR 1, L_00000183c1eba520, L_00000183c1eba7c0, C4<0>, C4<0>;
L_00000183c1eba9f0 .functor AND 1, L_00000183c1f20460, L_00000183c1f21ae0, C4<1>, C4<1>;
L_00000183c1e9caf0 .functor OR 1, L_00000183c1ebaa60, L_00000183c1eba9f0, C4<0>, C4<0>;
v00000183c1f13230_0 .net *"_ivl_0", 0 0, L_00000183c1eba3d0;  1 drivers
v00000183c1f12830_0 .net *"_ivl_10", 0 0, L_00000183c1eba9f0;  1 drivers
v00000183c1f130f0_0 .net *"_ivl_4", 0 0, L_00000183c1eba520;  1 drivers
v00000183c1f13a50_0 .net *"_ivl_6", 0 0, L_00000183c1eba7c0;  1 drivers
v00000183c1f13b90_0 .net *"_ivl_8", 0 0, L_00000183c1ebaa60;  1 drivers
v00000183c1f13190_0 .net "a", 0 0, L_00000183c1f20460;  1 drivers
v00000183c1f12a10_0 .net "b", 0 0, L_00000183c1f21680;  1 drivers
v00000183c1f132d0_0 .net "cin", 0 0, L_00000183c1f21ae0;  1 drivers
v00000183c1f13cd0_0 .net "cout", 0 0, L_00000183c1e9caf0;  1 drivers
v00000183c1f12b50_0 .net "sum", 0 0, L_00000183c1eba910;  1 drivers
S_00000183c1e93430 .scope module, "fa4" "full_adder" 6 24, 6 1 0, S_00000183c1e99660;
 .timescale -9 -12;
    .port_info 0 /INPUT 1 "a";
    .port_info 1 /INPUT 1 "b";
    .port_info 2 /INPUT 1 "cin";
    .port_info 3 /OUTPUT 1 "sum";
    .port_info 4 /OUTPUT 1 "cout";
L_00000183c1f88690 .functor XOR 1, L_00000183c1f20d20, L_00000183c1f20640, C4<0>, C4<0>;
L_00000183c1f88e00 .functor XOR 1, L_00000183c1f88690, L_00000183c1f20960, C4<0>, C4<0>;
L_00000183c1f88ee0 .functor AND 1, L_00000183c1f20d20, L_00000183c1f20640, C4<1>, C4<1>;
L_00000183c1f88cb0 .functor AND 1, L_00000183c1f20640, L_00000183c1f20960, C4<1>, C4<1>;
L_00000183c1f889a0 .functor OR 1, L_00000183c1f88ee0, L_00000183c1f88cb0, C4<0>, C4<0>;
L_00000183c1f881c0 .functor AND 1, L_00000183c1f20d20, L_00000183c1f20960, C4<1>, C4<1>;
L_00000183c1f88700 .functor OR 1, L_00000183c1f889a0, L_00000183c1f881c0, C4<0>, C4<0>;
v00000183c1f12bf0_0 .net *"_ivl_0", 0 0, L_00000183c1f88690;  1 drivers
v00000183c1f12010_0 .net *"_ivl_10", 0 0, L_00000183c1f881c0;  1 drivers
v00000183c1f13410_0 .net *"_ivl_4", 0 0, L_00000183c1f88ee0;  1 drivers
v00000183c1f13c30_0 .net *"_ivl_6", 0 0, L_00000183c1f88cb0;  1 drivers
v00000183c1f12c90_0 .net *"_ivl_8", 0 0, L_00000183c1f889a0;  1 drivers
v00000183c1f12d30_0 .net "a", 0 0, L_00000183c1f20d20;  1 drivers
v00000183c1f12dd0_0 .net "b", 0 0, L_00000183c1f20640;  1 drivers
v00000183c1f12e70_0 .net "cin", 0 0, L_00000183c1f20960;  1 drivers
v00000183c1f13550_0 .net "cout", 0 0, L_00000183c1f88700;  1 drivers
v00000183c1f13730_0 .net "sum", 0 0, L_00000183c1f88e00;  1 drivers
S_00000183c1e8b110 .scope module, "fa5" "full_adder" 6 25, 6 1 0, S_00000183c1e99660;
 .timescale -9 -12;
    .port_info 0 /INPUT 1 "a";
    .port_info 1 /INPUT 1 "b";
    .port_info 2 /INPUT 1 "cin";
    .port_info 3 /OUTPUT 1 "sum";
    .port_info 4 /OUTPUT 1 "cout";
L_00000183c1f88af0 .functor XOR 1, L_00000183c1f21720, L_00000183c1f20e60, C4<0>, C4<0>;
L_00000183c1f88f50 .functor XOR 1, L_00000183c1f88af0, L_00000183c1f20fa0, C4<0>, C4<0>;
L_00000183c1f88770 .functor AND 1, L_00000183c1f21720, L_00000183c1f20e60, C4<1>, C4<1>;
L_00000183c1f884d0 .functor AND 1, L_00000183c1f20e60, L_00000183c1f20fa0, C4<1>, C4<1>;
L_00000183c1f88a80 .functor OR 1, L_00000183c1f88770, L_00000183c1f884d0, C4<0>, C4<0>;
L_00000183c1f887e0 .functor AND 1, L_00000183c1f21720, L_00000183c1f20fa0, C4<1>, C4<1>;
L_00000183c1f882a0 .functor OR 1, L_00000183c1f88a80, L_00000183c1f887e0, C4<0>, C4<0>;
v00000183c1f13690_0 .net *"_ivl_0", 0 0, L_00000183c1f88af0;  1 drivers
v00000183c1f16da0_0 .net *"_ivl_10", 0 0, L_00000183c1f887e0;  1 drivers
v00000183c1f16c60_0 .net *"_ivl_4", 0 0, L_00000183c1f88770;  1 drivers
v00000183c1f163a0_0 .net *"_ivl_6", 0 0, L_00000183c1f884d0;  1 drivers
v00000183c1f17840_0 .net *"_ivl_8", 0 0, L_00000183c1f88a80;  1 drivers
v00000183c1f168a0_0 .net "a", 0 0, L_00000183c1f21720;  1 drivers
v00000183c1f16e40_0 .net "b", 0 0, L_00000183c1f20e60;  1 drivers
v00000183c1f16300_0 .net "cin", 0 0, L_00000183c1f20fa0;  1 drivers
v00000183c1f16260_0 .net "cout", 0 0, L_00000183c1f882a0;  1 drivers
v00000183c1f17340_0 .net "sum", 0 0, L_00000183c1f88f50;  1 drivers
S_00000183c1e8b2a0 .scope module, "fa6" "full_adder" 6 26, 6 1 0, S_00000183c1e99660;
 .timescale -9 -12;
    .port_info 0 /INPUT 1 "a";
    .port_info 1 /INPUT 1 "b";
    .port_info 2 /INPUT 1 "cin";
    .port_info 3 /OUTPUT 1 "sum";
    .port_info 4 /OUTPUT 1 "cout";
L_00000183c1f88310 .functor XOR 1, L_00000183c1f215e0, L_00000183c1f20aa0, C4<0>, C4<0>;
L_00000183c1f88d20 .functor XOR 1, L_00000183c1f88310, L_00000183c1f21180, C4<0>, C4<0>;
L_00000183c1f88380 .functor AND 1, L_00000183c1f215e0, L_00000183c1f20aa0, C4<1>, C4<1>;
L_00000183c1f883f0 .functor AND 1, L_00000183c1f20aa0, L_00000183c1f21180, C4<1>, C4<1>;
L_00000183c1f88930 .functor OR 1, L_00000183c1f88380, L_00000183c1f883f0, C4<0>, C4<0>;
L_00000183c1f88bd0 .functor AND 1, L_00000183c1f215e0, L_00000183c1f21180, C4<1>, C4<1>;
L_00000183c1f88150 .functor OR 1, L_00000183c1f88930, L_00000183c1f88bd0, C4<0>, C4<0>;
v00000183c1f17c00_0 .net *"_ivl_0", 0 0, L_00000183c1f88310;  1 drivers
v00000183c1f17700_0 .net *"_ivl_10", 0 0, L_00000183c1f88bd0;  1 drivers
v00000183c1f16440_0 .net *"_ivl_4", 0 0, L_00000183c1f88380;  1 drivers
v00000183c1f161c0_0 .net *"_ivl_6", 0 0, L_00000183c1f883f0;  1 drivers
v00000183c1f17160_0 .net *"_ivl_8", 0 0, L_00000183c1f88930;  1 drivers
v00000183c1f17480_0 .net "a", 0 0, L_00000183c1f215e0;  1 drivers
v00000183c1f177a0_0 .net "b", 0 0, L_00000183c1f20aa0;  1 drivers
v00000183c1f16bc0_0 .net "cin", 0 0, L_00000183c1f21180;  1 drivers
v00000183c1f17ca0_0 .net "cout", 0 0, L_00000183c1f88150;  alias, 1 drivers
v00000183c1f178e0_0 .net "sum", 0 0, L_00000183c1f88d20;  1 drivers
    .scope S_00000183c1ebb360;
T_0 ;
    %wait E_00000183c1eb85c0;
    %load/vec4 v00000183c1ea9020_0;
    %flag_set/vec4 8;
    %jmp/0xz  T_0.0, 8;
    %pushi/vec4 0, 0, 3;
    %assign/vec4 v00000183c1ea9660_0, 0;
    %jmp T_0.1;
T_0.0 ;
    %load/vec4 v00000183c1eb0e80_0;
    %assign/vec4 v00000183c1ea9660_0, 0;
T_0.1 ;
    %jmp T_0;
    .thread T_0;
    .scope S_00000183c1ebb360;
T_1 ;
    %wait E_00000183c1eb87c0;
    %vpi_call 4 28 "$display", "CLK = %d, RST = %d, DATA_VALID = %d, LOAD = %d, STATE = %d, COUNT = %d, DONE = %d", $time, v00000183c1ea9020_0, v00000183c1eb08e0_0, v00000183c1eb0ac0_0, v00000183c1ea9660_0, v00000183c1eb2140_0, v00000183c1eb0980_0 {0 0 0};
    %load/vec4 v00000183c1ea9660_0;
    %dup/vec4;
    %pushi/vec4 0, 0, 3;
    %cmp/u;
    %jmp/1 T_1.0, 6;
    %dup/vec4;
    %pushi/vec4 1, 0, 3;
    %cmp/u;
    %jmp/1 T_1.1, 6;
    %dup/vec4;
    %pushi/vec4 2, 0, 3;
    %cmp/u;
    %jmp/1 T_1.2, 6;
    %dup/vec4;
    %pushi/vec4 3, 0, 3;
    %cmp/u;
    %jmp/1 T_1.3, 6;
    %dup/vec4;
    %pushi/vec4 4, 0, 3;
    %cmp/u;
    %jmp/1 T_1.4, 6;
    %pushi/vec4 0, 0, 3;
    %store/vec4 v00000183c1eb0e80_0, 0, 3;
    %jmp T_1.6;
T_1.0 ;
    %load/vec4 v00000183c1ea9020_0;
    %nor/r;
    %flag_set/vec4 8;
    %jmp/0 T_1.7, 8;
    %pushi/vec4 1, 0, 3;
    %jmp/1 T_1.8, 8;
T_1.7 ; End of true expr.
    %pushi/vec4 0, 0, 3;
    %jmp/0 T_1.8, 8;
 ; End of false expr.
    %blend;
T_1.8;
    %store/vec4 v00000183c1eb0e80_0, 0, 3;
    %jmp T_1.6;
T_1.1 ;
    %load/vec4 v00000183c1eb2140_0;
    %pad/u 32;
    %cmpi/e 8, 0, 32;
    %flag_mov 8, 4;
    %jmp/0 T_1.9, 8;
    %pushi/vec4 3, 0, 3;
    %jmp/1 T_1.10, 8;
T_1.9 ; End of true expr.
    %load/vec4 v00000183c1eb08e0_0;
    %flag_set/vec4 9;
    %jmp/0 T_1.11, 9;
    %pushi/vec4 2, 0, 3;
    %jmp/1 T_1.12, 9;
T_1.11 ; End of true expr.
    %pushi/vec4 1, 0, 3;
    %jmp/0 T_1.12, 9;
 ; End of false expr.
    %blend;
T_1.12;
    %jmp/0 T_1.10, 8;
 ; End of false expr.
    %blend;
T_1.10;
    %store/vec4 v00000183c1eb0e80_0, 0, 3;
    %jmp T_1.6;
T_1.2 ;
    %load/vec4 v00000183c1eb08e0_0;
    %flag_set/vec4 8;
    %jmp/0 T_1.13, 8;
    %pushi/vec4 2, 0, 3;
    %jmp/1 T_1.14, 8;
T_1.13 ; End of true expr.
    %pushi/vec4 1, 0, 3;
    %jmp/0 T_1.14, 8;
 ; End of false expr.
    %blend;
T_1.14;
    %store/vec4 v00000183c1eb0e80_0, 0, 3;
    %jmp T_1.6;
T_1.3 ;
    %load/vec4 v00000183c1eb0980_0;
    %flag_set/vec4 8;
    %jmp/0 T_1.15, 8;
    %pushi/vec4 4, 0, 3;
    %jmp/1 T_1.16, 8;
T_1.15 ; End of true expr.
    %pushi/vec4 3, 0, 3;
    %jmp/0 T_1.16, 8;
 ; End of false expr.
    %blend;
T_1.16;
    %store/vec4 v00000183c1eb0e80_0, 0, 3;
    %jmp T_1.6;
T_1.4 ;
    %pushi/vec4 0, 0, 3;
    %store/vec4 v00000183c1eb0e80_0, 0, 3;
    %jmp T_1.6;
T_1.6 ;
    %pop/vec4 1;
    %jmp T_1;
    .thread T_1;
    .scope S_00000183c1ebb360;
T_2 ;
    %wait E_00000183c1eb85c0;
    %load/vec4 v00000183c1ea9020_0;
    %flag_set/vec4 8;
    %jmp/0xz  T_2.0, 8;
    %pushi/vec4 0, 0, 4;
    %assign/vec4 v00000183c1eb2140_0, 0;
    %pushi/vec4 0, 0, 1;
    %assign/vec4 v00000183c1eb0ac0_0, 0;
    %pushi/vec4 0, 0, 1;
    %assign/vec4 v00000183c1eb0660_0, 0;
    %jmp T_2.1;
T_2.0 ;
    %load/vec4 v00000183c1ea9660_0;
    %dup/vec4;
    %pushi/vec4 1, 0, 3;
    %cmp/u;
    %jmp/1 T_2.2, 6;
    %dup/vec4;
    %pushi/vec4 2, 0, 3;
    %cmp/u;
    %jmp/1 T_2.3, 6;
    %dup/vec4;
    %pushi/vec4 3, 0, 3;
    %cmp/u;
    %jmp/1 T_2.4, 6;
    %dup/vec4;
    %pushi/vec4 4, 0, 3;
    %cmp/u;
    %jmp/1 T_2.5, 6;
    %jmp T_2.6;
T_2.2 ;
    %load/vec4 v00000183c1eb08e0_0;
    %flag_set/vec4 8;
    %jmp/0xz  T_2.7, 8;
    %pushi/vec4 1, 0, 1;
    %assign/vec4 v00000183c1eb0ac0_0, 0;
    %load/vec4 v00000183c1eb2140_0;
    %addi 1, 0, 4;
    %assign/vec4 v00000183c1eb2140_0, 0;
T_2.7 ;
    %jmp T_2.6;
T_2.3 ;
    %pushi/vec4 0, 0, 1;
    %assign/vec4 v00000183c1eb0ac0_0, 0;
    %jmp T_2.6;
T_2.4 ;
    %pushi/vec4 1, 0, 1;
    %assign/vec4 v00000183c1eb0660_0, 0;
    %jmp T_2.6;
T_2.5 ;
    %pushi/vec4 0, 0, 4;
    %assign/vec4 v00000183c1eb2140_0, 0;
    %jmp T_2.6;
T_2.6 ;
    %pop/vec4 1;
T_2.1 ;
    %jmp T_2;
    .thread T_2;
    .scope S_00000183c1e994d0;
T_3 ;
    %wait E_00000183c1eb85c0;
    %load/vec4 v00000183c1f17de0_0;
    %flag_set/vec4 8;
    %jmp/0xz  T_3.0, 8;
    %pushi/vec4 0, 0, 3;
    %assign/vec4 v00000183c1f15fe0_0, 0;
    %pushi/vec4 0, 0, 3;
    %assign/vec4 v00000183c1f16620_0, 0;
    %pushi/vec4 0, 0, 7;
    %assign/vec4 v00000183c1f17e80_0, 0;
    %pushi/vec4 0, 0, 7;
    %assign/vec4 v00000183c1f16a80_0, 0;
    %pushi/vec4 0, 0, 1;
    %assign/vec4 v00000183c1f17b60_0, 0;
    %pushi/vec4 0, 0, 1;
    %assign/vec4 v00000183c1f16120_0, 0;
    %jmp T_3.1;
T_3.0 ;
    %pushi/vec4 0, 0, 1;
    %assign/vec4 v00000183c1f17b60_0, 0;
    %load/vec4 v00000183c1f17520_0;
    %flag_set/vec4 8;
    %jmp/0xz  T_3.2, 8;
    %vpi_call 5 45 "$display", "LOAD: WRITE_PTR = %d, VAL = %d", v00000183c1f15fe0_0, v00000183c1f169e0_0 {0 0 0};
    %load/vec4 v00000183c1f169e0_0;
    %load/vec4 v00000183c1f15fe0_0;
    %pad/u 5;
    %ix/vec4 3;
    %ix/load 4, 0, 0; Constant delay
    %assign/vec4/a/d v00000183c1f17d40, 0, 4;
    %load/vec4 v00000183c1f15fe0_0;
    %addi 1, 0, 3;
    %assign/vec4 v00000183c1f15fe0_0, 0;
    %jmp T_3.3;
T_3.2 ;
    %load/vec4 v00000183c1f166c0_0;
    %flag_set/vec4 8;
    %jmp/0xz  T_3.4, 8;
    %load/vec4 v00000183c1f16620_0;
    %pad/u 5;
    %ix/vec4 4;
    %load/vec4a v00000183c1f17d40, 4;
    %vpi_call 5 50 "$display", "ACCUMULATE: SUM = %d, ADD_PTR = %d, VAL = %d", v00000183c1f17e80_0, v00000183c1f16620_0, S<0,vec4,u4> {1 0 0};
    %load/vec4 v00000183c1f16760_0;
    %assign/vec4 v00000183c1f17e80_0, 0;
    %load/vec4 v00000183c1f16620_0;
    %addi 1, 0, 3;
    %assign/vec4 v00000183c1f16620_0, 0;
    %load/vec4 v00000183c1f16620_0;
    %cmpi/e 7, 0, 3;
    %jmp/0xz  T_3.6, 4;
    %load/vec4 v00000183c1f16760_0;
    %assign/vec4 v00000183c1f16a80_0, 0;
    %pushi/vec4 1, 0, 1;
    %assign/vec4 v00000183c1f17b60_0, 0;
    %pushi/vec4 0, 0, 3;
    %assign/vec4 v00000183c1f16620_0, 0;
    %pushi/vec4 0, 0, 3;
    %assign/vec4 v00000183c1f15fe0_0, 0;
    %pushi/vec4 0, 0, 7;
    %assign/vec4 v00000183c1f17e80_0, 0;
T_3.6 ;
T_3.4 ;
T_3.3 ;
T_3.1 ;
    %jmp T_3;
    .thread T_3;
    .scope S_00000183c1ebbd70;
T_4 ;
    %pushi/vec4 0, 0, 1;
    %store/vec4 v00000183c1f214a0_0, 0, 1;
    %end;
    .thread T_4;
    .scope S_00000183c1ebbd70;
T_5 ;
    %delay 5000, 0;
    %load/vec4 v00000183c1f214a0_0;
    %inv;
    %store/vec4 v00000183c1f214a0_0, 0, 1;
    %jmp T_5;
    .thread T_5;
    .scope S_00000183c1ebbd70;
T_6 ;
    %pushi/vec4 3, 0, 4;
    %ix/load 4, 0, 0;
    %flag_set/imm 4, 0;
    %store/vec4a v00000183c1f20dc0, 4, 0;
    %pushi/vec4 4, 0, 4;
    %ix/load 4, 1, 0;
    %flag_set/imm 4, 0;
    %store/vec4a v00000183c1f20dc0, 4, 0;
    %pushi/vec4 5, 0, 4;
    %ix/load 4, 2, 0;
    %flag_set/imm 4, 0;
    %store/vec4a v00000183c1f20dc0, 4, 0;
    %pushi/vec4 6, 0, 4;
    %ix/load 4, 3, 0;
    %flag_set/imm 4, 0;
    %store/vec4a v00000183c1f20dc0, 4, 0;
    %pushi/vec4 7, 0, 4;
    %ix/load 4, 4, 0;
    %flag_set/imm 4, 0;
    %store/vec4a v00000183c1f20dc0, 4, 0;
    %pushi/vec4 8, 0, 4;
    %ix/load 4, 5, 0;
    %flag_set/imm 4, 0;
    %store/vec4a v00000183c1f20dc0, 4, 0;
    %pushi/vec4 9, 0, 4;
    %ix/load 4, 6, 0;
    %flag_set/imm 4, 0;
    %store/vec4a v00000183c1f20dc0, 4, 0;
    %pushi/vec4 10, 0, 4;
    %ix/load 4, 7, 0;
    %flag_set/imm 4, 0;
    %store/vec4a v00000183c1f20dc0, 4, 0;
    %pushi/vec4 1, 0, 1;
    %store/vec4 v00000183c1f210e0_0, 0, 1;
    %pushi/vec4 0, 0, 1;
    %store/vec4 v00000183c1f212c0_0, 0, 1;
    %pushi/vec4 0, 0, 4;
    %store/vec4 v00000183c1f208c0_0, 0, 4;
    %delay 15000, 0;
    %pushi/vec4 0, 0, 1;
    %store/vec4 v00000183c1f210e0_0, 0, 1;
    %pushi/vec4 0, 0, 32;
    %store/vec4 v00000183c1f20c80_0, 0, 32;
T_6.0 ;
    %load/vec4 v00000183c1f20c80_0;
    %cmpi/s 8, 0, 32;
    %jmp/0xz T_6.1, 5;
    %wait E_00000183c1eb9800;
    %ix/getv/s 4, v00000183c1f20c80_0;
    %load/vec4a v00000183c1f20dc0, 4;
    %store/vec4 v00000183c1f208c0_0, 0, 4;
    %pushi/vec4 1, 0, 1;
    %store/vec4 v00000183c1f212c0_0, 0, 1;
    %pushi/vec4 2, 0, 32;
T_6.2 %dup/vec4;
    %pushi/vec4 0, 0, 32;
    %cmp/s;
    %jmp/1xz T_6.3, 5;
    %jmp/1 T_6.3, 4;
    %pushi/vec4 1, 0, 32;
    %sub;
    %wait E_00000183c1eb9800;
    %jmp T_6.2;
T_6.3 ;
    %pop/vec4 1;
    %pushi/vec4 0, 0, 1;
    %store/vec4 v00000183c1f212c0_0, 0, 1;
    %pushi/vec4 2, 0, 32;
T_6.4 %dup/vec4;
    %pushi/vec4 0, 0, 32;
    %cmp/s;
    %jmp/1xz T_6.5, 5;
    %jmp/1 T_6.5, 4;
    %pushi/vec4 1, 0, 32;
    %sub;
    %wait E_00000183c1eb9800;
    %jmp T_6.4;
T_6.5 ;
    %pop/vec4 1;
    %load/vec4 v00000183c1f20c80_0;
    %addi 1, 0, 32;
    %store/vec4 v00000183c1f20c80_0, 0, 32;
    %jmp T_6.0;
T_6.1 ;
    %pushi/vec4 10, 0, 32;
T_6.6 %dup/vec4;
    %pushi/vec4 0, 0, 32;
    %cmp/s;
    %jmp/1xz T_6.7, 5;
    %jmp/1 T_6.7, 4;
    %pushi/vec4 1, 0, 32;
    %sub;
    %wait E_00000183c1eb87c0;
    %jmp T_6.6;
T_6.7 ;
    %pop/vec4 1;
T_6.8 ;
    %load/vec4 v00000183c1f217c0_0;
    %cmpi/ne 1, 0, 1;
    %jmp/0xz T_6.9, 6;
    %wait E_00000183c1eb95c0;
    %jmp T_6.8;
T_6.9 ;
    %vpi_call 2 63 "$display", "SUM = %d", v00000183c1f21220_0 {0 0 0};
    %delay 20000, 0;
    %vpi_call 2 65 "$finish" {0 0 0};
    %end;
    .thread T_6;
# The file index is used to find the file name in the following table.
:file_names 7;
    "N/A";
    "<interactive>";
    ".\tb_top.v";
    ".\top.v";
    ".\controller.v";
    ".\datapath.v";
    ".\modules.v";
