#! /c/Source/iverilog-install/bin/vvp
:ivl_version "12.0 (devel)" "(s20150603-1539-g2693dd32b)";
:ivl_delay_selection "TYPICAL";
:vpi_time_precision - 12;
:vpi_module "C:\iverilog\lib\ivl\system.vpi";
:vpi_module "C:\iverilog\lib\ivl\vhdl_sys.vpi";
:vpi_module "C:\iverilog\lib\ivl\vhdl_textio.vpi";
:vpi_module "C:\iverilog\lib\ivl\v2005_math.vpi";
:vpi_module "C:\iverilog\lib\ivl\va_math.vpi";
S_000001cdab0fd0d0 .scope module, "tb_top" "tb_top" 2 3;
 .timescale -9 -12;
v000001cdab1669f0_0 .var "clk", 0 0;
v000001cdab165af0_0 .var "data_in", 3 0;
v000001cdab165230_0 .var "data_valid", 0 0;
v000001cdab1655f0_0 .net "done", 0 0, v000001cdab15bce0_0;  1 drivers
v000001cdab165b90_0 .var/i "i", 31 0;
v000001cdab1664f0 .array "input_array", 7 0, 3 0;
v000001cdab1668b0_0 .net "result", 6 0, v000001cdab15aa20_0;  1 drivers
v000001cdab166090_0 .var "rst", 0 0;
E_000001cdab0fbba0 .event anyedge, v000001cdab15bce0_0;
E_000001cdab0fbee0 .event posedge, v000001cdab103ad0_0;
E_000001cdab0fc0a0 .event negedge, v000001cdab103ad0_0;
S_000001cdab0fd260 .scope module, "uut" "top" 2 12, 3 2 0, S_000001cdab0fd0d0;
 .timescale -9 -12;
    .port_info 0 /INPUT 1 "clk";
    .port_info 1 /INPUT 1 "rst";
    .port_info 2 /INPUT 1 "data_valid";
    .port_info 3 /INPUT 4 "data_in";
    .port_info 4 /OUTPUT 7 "result";
    .port_info 5 /OUTPUT 1 "done";
L_000001cdab0fa6b0 .functor BUFZ 1, v000001cdab15bce0_0, C4<0>, C4<0>, C4<0>;
v000001cdab15b100_0 .net "accumulate", 0 0, v000001cdab103530_0;  1 drivers
v000001cdab15ad40_0 .net "clk", 0 0, v000001cdab1669f0_0;  1 drivers
v000001cdab15ade0_0 .net "data_in", 3 0, v000001cdab165af0_0;  1 drivers
v000001cdab15af20_0 .net "data_valid", 0 0, v000001cdab165230_0;  1 drivers
v000001cdab15b060_0 .net "done", 0 0, v000001cdab15bce0_0;  alias, 1 drivers
v000001cdab15b1a0_0 .net "done_wire", 0 0, L_000001cdab0fa6b0;  1 drivers
v000001cdab166a90_0 .net "load", 0 0, v000001cdab1044d0_0;  1 drivers
v000001cdab165c30_0 .net "result", 6 0, v000001cdab15aa20_0;  alias, 1 drivers
v000001cdab165550_0 .net "rst", 0 0, v000001cdab166090_0;  1 drivers
S_000001cdab0e6160 .scope module, "u_controller" "controller" 3 15, 4 2 0, S_000001cdab0fd260;
 .timescale -9 -12;
    .port_info 0 /INPUT 1 "clk";
    .port_info 1 /INPUT 1 "rst";
    .port_info 2 /INPUT 1 "data_valid";
    .port_info 3 /INPUT 1 "done";
    .port_info 4 /OUTPUT 1 "load";
    .port_info 5 /OUTPUT 1 "accumulate";
P_000001cdab0f6520 .param/l "ACCUM" 0 4 16, C4<011>;
P_000001cdab0f6558 .param/l "DONE" 0 4 17, C4<100>;
P_000001cdab0f6590 .param/l "IDLE" 0 4 13, C4<000>;
P_000001cdab0f65c8 .param/l "LOAD_1" 0 4 14, C4<001>;
P_000001cdab0f6600 .param/l "LOAD_2" 0 4 15, C4<010>;
v000001cdab103530_0 .var "accumulate", 0 0;
v000001cdab103ad0_0 .net "clk", 0 0, v000001cdab1669f0_0;  alias, 1 drivers
v000001cdab1041b0_0 .var "count", 3 0;
v000001cdab104a70_0 .net "data_valid", 0 0, v000001cdab165230_0;  alias, 1 drivers
v000001cdab1047f0_0 .net "done", 0 0, L_000001cdab0fa6b0;  alias, 1 drivers
v000001cdab1044d0_0 .var "load", 0 0;
v000001cdab103e90_0 .var "next", 2 0;
v000001cdab104b10_0 .net "rst", 0 0, v000001cdab166090_0;  alias, 1 drivers
v000001cdab1030d0_0 .var "state", 2 0;
E_000001cdab0fc7a0 .event posedge, v000001cdab104b10_0, v000001cdab103ad0_0;
E_000001cdab0fc560/0 .event anyedge, v000001cdab104b10_0, v000001cdab104a70_0, v000001cdab1044d0_0, v000001cdab1030d0_0;
E_000001cdab0fc560/1 .event anyedge, v000001cdab1041b0_0, v000001cdab1047f0_0;
E_000001cdab0fc560 .event/or E_000001cdab0fc560/0, E_000001cdab0fc560/1;
S_000001cdab0e62f0 .scope module, "u_datapath" "datapath" 3 24, 5 2 0, S_000001cdab0fd260;
 .timescale -9 -12;
    .port_info 0 /INPUT 1 "clk";
    .port_info 1 /INPUT 1 "rst";
    .port_info 2 /INPUT 1 "load";
    .port_info 3 /INPUT 1 "accumulate";
    .port_info 4 /INPUT 4 "data_in";
    .port_info 5 /OUTPUT 7 "result";
    .port_info 6 /OUTPUT 1 "done";
L_000001cdab1800d0 .functor BUFT 1, C4<000>, C4<0>, C4<0>, C4<0>;
v000001cdab15b600_0 .net/2u *"_ivl_0", 2 0, L_000001cdab1800d0;  1 drivers
v000001cdab15b740_0 .net *"_ivl_2", 3 0, L_000001cdab166b30;  1 drivers
v000001cdab15ba60_0 .net *"_ivl_4", 4 0, L_000001cdab165190;  1 drivers
L_000001cdab180118 .functor BUFT 1, C4<00>, C4<0>, C4<0>, C4<0>;
v000001cdab15a840_0 .net *"_ivl_7", 1 0, L_000001cdab180118;  1 drivers
v000001cdab15aca0_0 .net "accumulate", 0 0, v000001cdab103530_0;  alias, 1 drivers
v000001cdab15bb00_0 .var "accumulating", 0 0;
v000001cdab15bba0_0 .var "add_ptr", 2 0;
v000001cdab15bc40_0 .net "adder_out", 6 0, L_000001cdab1666d0;  1 drivers
v000001cdab15bec0_0 .net "clk", 0 0, v000001cdab1669f0_0;  alias, 1 drivers
v000001cdab15a8e0_0 .net "cout", 0 0, L_000001cdab167a60;  1 drivers
v000001cdab15ac00_0 .net "data_in", 3 0, v000001cdab165af0_0;  alias, 1 drivers
v000001cdab15bce0_0 .var "done", 0 0;
v000001cdab15a980_0 .net "load", 0 0, v000001cdab1044d0_0;  alias, 1 drivers
v000001cdab15bd80 .array "regs", 7 0, 3 0;
v000001cdab15aa20_0 .var "result", 6 0;
v000001cdab15aac0_0 .net "rst", 0 0, v000001cdab166090_0;  alias, 1 drivers
v000001cdab15afc0_0 .var "temp_sum", 6 0;
v000001cdab15ab60_0 .var "write_ptr", 2 0;
L_000001cdab166b30 .array/port v000001cdab15bd80, L_000001cdab165190;
L_000001cdab165190 .concat [ 3 2 0 0], v000001cdab15bba0_0, L_000001cdab180118;
L_000001cdab166770 .concat [ 4 3 0 0], L_000001cdab166b30, L_000001cdab1800d0;
S_000001cdab0d4b60 .scope module, "adder" "ripple_adder_7bit" 5 22, 6 12 0, S_000001cdab0e62f0;
 .timescale -9 -12;
    .port_info 0 /INPUT 7 "a";
    .port_info 1 /INPUT 7 "b";
    .port_info 2 /OUTPUT 7 "sum";
    .port_info 3 /OUTPUT 1 "cout";
o000001cdab108688 .functor BUFZ 1, C4<z>; HiZ drive
; Elide local net with no drivers, v000001cdab15a7a0_0 name=_ivl_71
v000001cdab15be20_0 .net "a", 6 0, v000001cdab15afc0_0;  1 drivers
v000001cdab15a660_0 .net "b", 6 0, L_000001cdab166770;  1 drivers
v000001cdab15b6a0_0 .net "carry", 6 0, L_000001cdab166810;  1 drivers
v000001cdab15b240_0 .net "cout", 0 0, L_000001cdab167a60;  alias, 1 drivers
v000001cdab15b880_0 .net "sum", 6 0, L_000001cdab1666d0;  alias, 1 drivers
L_000001cdab1652d0 .part v000001cdab15afc0_0, 0, 1;
L_000001cdab166270 .part L_000001cdab166770, 0, 1;
L_000001cdab166bd0 .part v000001cdab15afc0_0, 1, 1;
L_000001cdab165eb0 .part L_000001cdab166770, 1, 1;
L_000001cdab166950 .part L_000001cdab166810, 0, 1;
L_000001cdab165910 .part v000001cdab15afc0_0, 2, 1;
L_000001cdab166130 .part L_000001cdab166770, 2, 1;
L_000001cdab1661d0 .part L_000001cdab166810, 1, 1;
L_000001cdab165cd0 .part v000001cdab15afc0_0, 3, 1;
L_000001cdab166f90 .part L_000001cdab166770, 3, 1;
L_000001cdab166310 .part L_000001cdab166810, 2, 1;
L_000001cdab1654b0 .part v000001cdab15afc0_0, 4, 1;
L_000001cdab165d70 .part L_000001cdab166770, 4, 1;
L_000001cdab165e10 .part L_000001cdab166810, 3, 1;
L_000001cdab165410 .part v000001cdab15afc0_0, 5, 1;
L_000001cdab1663b0 .part L_000001cdab166770, 5, 1;
L_000001cdab167030 .part L_000001cdab166810, 4, 1;
L_000001cdab165370 .part v000001cdab15afc0_0, 6, 1;
L_000001cdab165870 .part L_000001cdab166770, 6, 1;
L_000001cdab165730 .part L_000001cdab166810, 5, 1;
LS_000001cdab1666d0_0_0 .concat8 [ 1 1 1 1], L_000001cdab0faaa0, L_000001cdab0fab10, L_000001cdab0fa560, L_000001cdab0fa5d0;
LS_000001cdab1666d0_0_4 .concat8 [ 1 1 1 0], L_000001cdab167b40, L_000001cdab167bb0, L_000001cdab167590;
L_000001cdab1666d0 .concat8 [ 4 3 0 0], LS_000001cdab1666d0_0_0, LS_000001cdab1666d0_0_4;
LS_000001cdab166810_0_0 .concat [ 1 1 1 1], L_000001cdab0fa3a0, L_000001cdab0facd0, L_000001cdab0fa4f0, L_000001cdab1672f0;
LS_000001cdab166810_0_4 .concat [ 1 1 1 0], L_000001cdab1671a0, L_000001cdab167440, o000001cdab108688;
L_000001cdab166810 .concat [ 4 3 0 0], LS_000001cdab166810_0_0, LS_000001cdab166810_0_4;
S_000001cdab0d4cf0 .scope module, "fa0" "full_adder" 6 20, 6 1 0, S_000001cdab0d4b60;
 .timescale -9 -12;
    .port_info 0 /INPUT 1 "a";
    .port_info 1 /INPUT 1 "b";
    .port_info 2 /INPUT 1 "cin";
    .port_info 3 /OUTPUT 1 "sum";
    .port_info 4 /OUTPUT 1 "cout";
L_000001cdab0faf70 .functor XOR 1, L_000001cdab1652d0, L_000001cdab166270, C4<0>, C4<0>;
L_000001cdab180088 .functor BUFT 1, C4<0>, C4<0>, C4<0>, C4<0>;
L_000001cdab0faaa0 .functor XOR 1, L_000001cdab0faf70, L_000001cdab180088, C4<0>, C4<0>;
L_000001cdab0fa2c0 .functor AND 1, L_000001cdab1652d0, L_000001cdab166270, C4<1>, C4<1>;
L_000001cdab0fafe0 .functor AND 1, L_000001cdab166270, L_000001cdab180088, C4<1>, C4<1>;
L_000001cdab0fa330 .functor OR 1, L_000001cdab0fa2c0, L_000001cdab0fafe0, C4<0>, C4<0>;
L_000001cdab0fa100 .functor AND 1, L_000001cdab1652d0, L_000001cdab180088, C4<1>, C4<1>;
L_000001cdab0fa3a0 .functor OR 1, L_000001cdab0fa330, L_000001cdab0fa100, C4<0>, C4<0>;
v000001cdab104bb0_0 .net *"_ivl_0", 0 0, L_000001cdab0faf70;  1 drivers
v000001cdab1035d0_0 .net *"_ivl_10", 0 0, L_000001cdab0fa100;  1 drivers
v000001cdab103c10_0 .net *"_ivl_4", 0 0, L_000001cdab0fa2c0;  1 drivers
v000001cdab103f30_0 .net *"_ivl_6", 0 0, L_000001cdab0fafe0;  1 drivers
v000001cdab103cb0_0 .net *"_ivl_8", 0 0, L_000001cdab0fa330;  1 drivers
v000001cdab103d50_0 .net "a", 0 0, L_000001cdab1652d0;  1 drivers
v000001cdab103490_0 .net "b", 0 0, L_000001cdab166270;  1 drivers
v000001cdab1033f0_0 .net "cin", 0 0, L_000001cdab180088;  1 drivers
v000001cdab103710_0 .net "cout", 0 0, L_000001cdab0fa3a0;  1 drivers
v000001cdab104750_0 .net "sum", 0 0, L_000001cdab0faaa0;  1 drivers
S_000001cdab0d3570 .scope module, "fa1" "full_adder" 6 21, 6 1 0, S_000001cdab0d4b60;
 .timescale -9 -12;
    .port_info 0 /INPUT 1 "a";
    .port_info 1 /INPUT 1 "b";
    .port_info 2 /INPUT 1 "cin";
    .port_info 3 /OUTPUT 1 "sum";
    .port_info 4 /OUTPUT 1 "cout";
L_000001cdab0fadb0 .functor XOR 1, L_000001cdab166bd0, L_000001cdab165eb0, C4<0>, C4<0>;
L_000001cdab0fab10 .functor XOR 1, L_000001cdab0fadb0, L_000001cdab166950, C4<0>, C4<0>;
L_000001cdab0fa410 .functor AND 1, L_000001cdab166bd0, L_000001cdab165eb0, C4<1>, C4<1>;
L_000001cdab0fa950 .functor AND 1, L_000001cdab165eb0, L_000001cdab166950, C4<1>, C4<1>;
L_000001cdab0fa480 .functor OR 1, L_000001cdab0fa410, L_000001cdab0fa950, C4<0>, C4<0>;
L_000001cdab0fad40 .functor AND 1, L_000001cdab166bd0, L_000001cdab166950, C4<1>, C4<1>;
L_000001cdab0facd0 .functor OR 1, L_000001cdab0fa480, L_000001cdab0fad40, C4<0>, C4<0>;
v000001cdab103df0_0 .net *"_ivl_0", 0 0, L_000001cdab0fadb0;  1 drivers
v000001cdab104c50_0 .net *"_ivl_10", 0 0, L_000001cdab0fad40;  1 drivers
v000001cdab1042f0_0 .net *"_ivl_4", 0 0, L_000001cdab0fa410;  1 drivers
v000001cdab103fd0_0 .net *"_ivl_6", 0 0, L_000001cdab0fa950;  1 drivers
v000001cdab1032b0_0 .net *"_ivl_8", 0 0, L_000001cdab0fa480;  1 drivers
v000001cdab104890_0 .net "a", 0 0, L_000001cdab166bd0;  1 drivers
v000001cdab104250_0 .net "b", 0 0, L_000001cdab165eb0;  1 drivers
v000001cdab104930_0 .net "cin", 0 0, L_000001cdab166950;  1 drivers
v000001cdab103a30_0 .net "cout", 0 0, L_000001cdab0facd0;  1 drivers
v000001cdab104110_0 .net "sum", 0 0, L_000001cdab0fab10;  1 drivers
S_000001cdab0d3700 .scope module, "fa2" "full_adder" 6 22, 6 1 0, S_000001cdab0d4b60;
 .timescale -9 -12;
    .port_info 0 /INPUT 1 "a";
    .port_info 1 /INPUT 1 "b";
    .port_info 2 /INPUT 1 "cin";
    .port_info 3 /OUTPUT 1 "sum";
    .port_info 4 /OUTPUT 1 "cout";
L_000001cdab0fab80 .functor XOR 1, L_000001cdab165910, L_000001cdab166130, C4<0>, C4<0>;
L_000001cdab0fa560 .functor XOR 1, L_000001cdab0fab80, L_000001cdab1661d0, C4<0>, C4<0>;
L_000001cdab0fabf0 .functor AND 1, L_000001cdab165910, L_000001cdab166130, C4<1>, C4<1>;
L_000001cdab0fae20 .functor AND 1, L_000001cdab166130, L_000001cdab1661d0, C4<1>, C4<1>;
L_000001cdab0fa720 .functor OR 1, L_000001cdab0fabf0, L_000001cdab0fae20, C4<0>, C4<0>;
L_000001cdab0fae90 .functor AND 1, L_000001cdab165910, L_000001cdab1661d0, C4<1>, C4<1>;
L_000001cdab0fa4f0 .functor OR 1, L_000001cdab0fa720, L_000001cdab0fae90, C4<0>, C4<0>;
v000001cdab104390_0 .net *"_ivl_0", 0 0, L_000001cdab0fab80;  1 drivers
v000001cdab104430_0 .net *"_ivl_10", 0 0, L_000001cdab0fae90;  1 drivers
v000001cdab104570_0 .net *"_ivl_4", 0 0, L_000001cdab0fabf0;  1 drivers
v000001cdab103670_0 .net *"_ivl_6", 0 0, L_000001cdab0fae20;  1 drivers
v000001cdab104cf0_0 .net *"_ivl_8", 0 0, L_000001cdab0fa720;  1 drivers
v000001cdab103030_0 .net "a", 0 0, L_000001cdab165910;  1 drivers
v000001cdab104610_0 .net "b", 0 0, L_000001cdab166130;  1 drivers
v000001cdab104d90_0 .net "cin", 0 0, L_000001cdab1661d0;  1 drivers
v000001cdab104e30_0 .net "cout", 0 0, L_000001cdab0fa4f0;  1 drivers
v000001cdab104ed0_0 .net "sum", 0 0, L_000001cdab0fa560;  1 drivers
S_000001cdab0cb110 .scope module, "fa3" "full_adder" 6 23, 6 1 0, S_000001cdab0d4b60;
 .timescale -9 -12;
    .port_info 0 /INPUT 1 "a";
    .port_info 1 /INPUT 1 "b";
    .port_info 2 /INPUT 1 "cin";
    .port_info 3 /OUTPUT 1 "sum";
    .port_info 4 /OUTPUT 1 "cout";
L_000001cdab0fa790 .functor XOR 1, L_000001cdab165cd0, L_000001cdab166f90, C4<0>, C4<0>;
L_000001cdab0fa5d0 .functor XOR 1, L_000001cdab0fa790, L_000001cdab166310, C4<0>, C4<0>;
L_000001cdab0fa800 .functor AND 1, L_000001cdab165cd0, L_000001cdab166f90, C4<1>, C4<1>;
L_000001cdab0fa870 .functor AND 1, L_000001cdab166f90, L_000001cdab166310, C4<1>, C4<1>;
L_000001cdab0dd370 .functor OR 1, L_000001cdab0fa800, L_000001cdab0fa870, C4<0>, C4<0>;
L_000001cdab167600 .functor AND 1, L_000001cdab165cd0, L_000001cdab166310, C4<1>, C4<1>;
L_000001cdab1672f0 .functor OR 1, L_000001cdab0dd370, L_000001cdab167600, C4<0>, C4<0>;
v000001cdab103170_0 .net *"_ivl_0", 0 0, L_000001cdab0fa790;  1 drivers
v000001cdab103210_0 .net *"_ivl_10", 0 0, L_000001cdab167600;  1 drivers
v000001cdab1046b0_0 .net *"_ivl_4", 0 0, L_000001cdab0fa800;  1 drivers
v000001cdab103350_0 .net *"_ivl_6", 0 0, L_000001cdab0fa870;  1 drivers
v000001cdab1049d0_0 .net *"_ivl_8", 0 0, L_000001cdab0dd370;  1 drivers
v000001cdab1037b0_0 .net "a", 0 0, L_000001cdab165cd0;  1 drivers
v000001cdab103850_0 .net "b", 0 0, L_000001cdab166f90;  1 drivers
v000001cdab1038f0_0 .net "cin", 0 0, L_000001cdab166310;  1 drivers
v000001cdab103990_0 .net "cout", 0 0, L_000001cdab1672f0;  1 drivers
v000001cdab103b70_0 .net "sum", 0 0, L_000001cdab0fa5d0;  1 drivers
S_000001cdab0cb2a0 .scope module, "fa4" "full_adder" 6 24, 6 1 0, S_000001cdab0d4b60;
 .timescale -9 -12;
    .port_info 0 /INPUT 1 "a";
    .port_info 1 /INPUT 1 "b";
    .port_info 2 /INPUT 1 "cin";
    .port_info 3 /OUTPUT 1 "sum";
    .port_info 4 /OUTPUT 1 "cout";
L_000001cdab167f30 .functor XOR 1, L_000001cdab1654b0, L_000001cdab165d70, C4<0>, C4<0>;
L_000001cdab167b40 .functor XOR 1, L_000001cdab167f30, L_000001cdab165e10, C4<0>, C4<0>;
L_000001cdab167520 .functor AND 1, L_000001cdab1654b0, L_000001cdab165d70, C4<1>, C4<1>;
L_000001cdab167c20 .functor AND 1, L_000001cdab165d70, L_000001cdab165e10, C4<1>, C4<1>;
L_000001cdab167830 .functor OR 1, L_000001cdab167520, L_000001cdab167c20, C4<0>, C4<0>;
L_000001cdab167360 .functor AND 1, L_000001cdab1654b0, L_000001cdab165e10, C4<1>, C4<1>;
L_000001cdab1671a0 .functor OR 1, L_000001cdab167830, L_000001cdab167360, C4<0>, C4<0>;
v000001cdab0f36b0_0 .net *"_ivl_0", 0 0, L_000001cdab167f30;  1 drivers
v000001cdab0f4290_0 .net *"_ivl_10", 0 0, L_000001cdab167360;  1 drivers
v000001cdab0f39d0_0 .net *"_ivl_4", 0 0, L_000001cdab167520;  1 drivers
v000001cdab0f3a70_0 .net *"_ivl_6", 0 0, L_000001cdab167c20;  1 drivers
v000001cdab0f3b10_0 .net *"_ivl_8", 0 0, L_000001cdab167830;  1 drivers
v000001cdab0f3f70_0 .net "a", 0 0, L_000001cdab1654b0;  1 drivers
v000001cdab0f4010_0 .net "b", 0 0, L_000001cdab165d70;  1 drivers
v000001cdab0f2670_0 .net "cin", 0 0, L_000001cdab165e10;  1 drivers
v000001cdab0ed4a0_0 .net "cout", 0 0, L_000001cdab1671a0;  1 drivers
v000001cdab0ed400_0 .net "sum", 0 0, L_000001cdab167b40;  1 drivers
S_000001cdab092ce0 .scope module, "fa5" "full_adder" 6 25, 6 1 0, S_000001cdab0d4b60;
 .timescale -9 -12;
    .port_info 0 /INPUT 1 "a";
    .port_info 1 /INPUT 1 "b";
    .port_info 2 /INPUT 1 "cin";
    .port_info 3 /OUTPUT 1 "sum";
    .port_info 4 /OUTPUT 1 "cout";
L_000001cdab1673d0 .functor XOR 1, L_000001cdab165410, L_000001cdab1663b0, C4<0>, C4<0>;
L_000001cdab167bb0 .functor XOR 1, L_000001cdab1673d0, L_000001cdab167030, C4<0>, C4<0>;
L_000001cdab1677c0 .functor AND 1, L_000001cdab165410, L_000001cdab1663b0, C4<1>, C4<1>;
L_000001cdab167c90 .functor AND 1, L_000001cdab1663b0, L_000001cdab167030, C4<1>, C4<1>;
L_000001cdab167e50 .functor OR 1, L_000001cdab1677c0, L_000001cdab167c90, C4<0>, C4<0>;
L_000001cdab167280 .functor AND 1, L_000001cdab165410, L_000001cdab167030, C4<1>, C4<1>;
L_000001cdab167440 .functor OR 1, L_000001cdab167e50, L_000001cdab167280, C4<0>, C4<0>;
v000001cdab15b4c0_0 .net *"_ivl_0", 0 0, L_000001cdab1673d0;  1 drivers
v000001cdab15b560_0 .net *"_ivl_10", 0 0, L_000001cdab167280;  1 drivers
v000001cdab15c000_0 .net *"_ivl_4", 0 0, L_000001cdab1677c0;  1 drivers
v000001cdab15a340_0 .net *"_ivl_6", 0 0, L_000001cdab167c90;  1 drivers
v000001cdab15a3e0_0 .net *"_ivl_8", 0 0, L_000001cdab167e50;  1 drivers
v000001cdab15a700_0 .net "a", 0 0, L_000001cdab165410;  1 drivers
v000001cdab15a480_0 .net "b", 0 0, L_000001cdab1663b0;  1 drivers
v000001cdab15bf60_0 .net "cin", 0 0, L_000001cdab167030;  1 drivers
v000001cdab15ae80_0 .net "cout", 0 0, L_000001cdab167440;  1 drivers
v000001cdab15a160_0 .net "sum", 0 0, L_000001cdab167bb0;  1 drivers
S_000001cdab092e70 .scope module, "fa6" "full_adder" 6 26, 6 1 0, S_000001cdab0d4b60;
 .timescale -9 -12;
    .port_info 0 /INPUT 1 "a";
    .port_info 1 /INPUT 1 "b";
    .port_info 2 /INPUT 1 "cin";
    .port_info 3 /OUTPUT 1 "sum";
    .port_info 4 /OUTPUT 1 "cout";
L_000001cdab167fa0 .functor XOR 1, L_000001cdab165370, L_000001cdab165870, C4<0>, C4<0>;
L_000001cdab167590 .functor XOR 1, L_000001cdab167fa0, L_000001cdab165730, C4<0>, C4<0>;
L_000001cdab167ad0 .functor AND 1, L_000001cdab165370, L_000001cdab165870, C4<1>, C4<1>;
L_000001cdab167670 .functor AND 1, L_000001cdab165870, L_000001cdab165730, C4<1>, C4<1>;
L_000001cdab1678a0 .functor OR 1, L_000001cdab167ad0, L_000001cdab167670, C4<0>, C4<0>;
L_000001cdab167ec0 .functor AND 1, L_000001cdab165370, L_000001cdab165730, C4<1>, C4<1>;
L_000001cdab167a60 .functor OR 1, L_000001cdab1678a0, L_000001cdab167ec0, C4<0>, C4<0>;
v000001cdab15a200_0 .net *"_ivl_0", 0 0, L_000001cdab167fa0;  1 drivers
v000001cdab15a2a0_0 .net *"_ivl_10", 0 0, L_000001cdab167ec0;  1 drivers
v000001cdab15b920_0 .net *"_ivl_4", 0 0, L_000001cdab167ad0;  1 drivers
v000001cdab15b7e0_0 .net *"_ivl_6", 0 0, L_000001cdab167670;  1 drivers
v000001cdab15b9c0_0 .net *"_ivl_8", 0 0, L_000001cdab1678a0;  1 drivers
v000001cdab15a520_0 .net "a", 0 0, L_000001cdab165370;  1 drivers
v000001cdab15b2e0_0 .net "b", 0 0, L_000001cdab165870;  1 drivers
v000001cdab15b380_0 .net "cin", 0 0, L_000001cdab165730;  1 drivers
v000001cdab15b420_0 .net "cout", 0 0, L_000001cdab167a60;  alias, 1 drivers
v000001cdab15a5c0_0 .net "sum", 0 0, L_000001cdab167590;  1 drivers
    .scope S_000001cdab0e6160;
T_0 ;
    %wait E_000001cdab0fc7a0;
    %load/vec4 v000001cdab104b10_0;
    %flag_set/vec4 8;
    %jmp/0xz  T_0.0, 8;
    %pushi/vec4 0, 0, 3;
    %assign/vec4 v000001cdab1030d0_0, 0;
    %jmp T_0.1;
T_0.0 ;
    %load/vec4 v000001cdab103e90_0;
    %assign/vec4 v000001cdab1030d0_0, 0;
T_0.1 ;
    %jmp T_0;
    .thread T_0;
    .scope S_000001cdab0e6160;
T_1 ;
    %wait E_000001cdab0fc560;
    %vpi_call 4 28 "$display", "CLK = %d, RST = %d, DATA_VALID = %d, LOAD = %d, STATE = %d, COUNT = %d, DONE = %d", $time, v000001cdab104b10_0, v000001cdab104a70_0, v000001cdab1044d0_0, v000001cdab1030d0_0, v000001cdab1041b0_0, v000001cdab1047f0_0 {0 0 0};
    %load/vec4 v000001cdab1030d0_0;
    %dup/vec4;
    %pushi/vec4 0, 0, 3;
    %cmp/u;
    %jmp/1 T_1.0, 6;
    %dup/vec4;
    %pushi/vec4 1, 0, 3;
    %cmp/u;
    %jmp/1 T_1.1, 6;
    %dup/vec4;
    %pushi/vec4 2, 0, 3;
    %cmp/u;
    %jmp/1 T_1.2, 6;
    %dup/vec4;
    %pushi/vec4 3, 0, 3;
    %cmp/u;
    %jmp/1 T_1.3, 6;
    %dup/vec4;
    %pushi/vec4 4, 0, 3;
    %cmp/u;
    %jmp/1 T_1.4, 6;
    %pushi/vec4 0, 0, 3;
    %store/vec4 v000001cdab103e90_0, 0, 3;
    %jmp T_1.6;
T_1.0 ;
    %load/vec4 v000001cdab104b10_0;
    %nor/r;
    %flag_set/vec4 8;
    %jmp/0 T_1.7, 8;
    %pushi/vec4 1, 0, 3;
    %jmp/1 T_1.8, 8;
T_1.7 ; End of true expr.
    %pushi/vec4 0, 0, 3;
    %jmp/0 T_1.8, 8;
 ; End of false expr.
    %blend;
T_1.8;
    %store/vec4 v000001cdab103e90_0, 0, 3;
    %jmp T_1.6;
T_1.1 ;
    %load/vec4 v000001cdab1041b0_0;
    %pad/u 32;
    %cmpi/e 8, 0, 32;
    %flag_mov 8, 4;
    %jmp/0 T_1.9, 8;
    %pushi/vec4 3, 0, 3;
    %jmp/1 T_1.10, 8;
T_1.9 ; End of true expr.
    %load/vec4 v000001cdab104a70_0;
    %flag_set/vec4 9;
    %jmp/0 T_1.11, 9;
    %pushi/vec4 2, 0, 3;
    %jmp/1 T_1.12, 9;
T_1.11 ; End of true expr.
    %pushi/vec4 1, 0, 3;
    %jmp/0 T_1.12, 9;
 ; End of false expr.
    %blend;
T_1.12;
    %jmp/0 T_1.10, 8;
 ; End of false expr.
    %blend;
T_1.10;
    %store/vec4 v000001cdab103e90_0, 0, 3;
    %jmp T_1.6;
T_1.2 ;
    %load/vec4 v000001cdab104a70_0;
    %flag_set/vec4 8;
    %jmp/0 T_1.13, 8;
    %pushi/vec4 2, 0, 3;
    %jmp/1 T_1.14, 8;
T_1.13 ; End of true expr.
    %pushi/vec4 1, 0, 3;
    %jmp/0 T_1.14, 8;
 ; End of false expr.
    %blend;
T_1.14;
    %store/vec4 v000001cdab103e90_0, 0, 3;
    %jmp T_1.6;
T_1.3 ;
    %load/vec4 v000001cdab1047f0_0;
    %flag_set/vec4 8;
    %jmp/0 T_1.15, 8;
    %pushi/vec4 4, 0, 3;
    %jmp/1 T_1.16, 8;
T_1.15 ; End of true expr.
    %pushi/vec4 3, 0, 3;
    %jmp/0 T_1.16, 8;
 ; End of false expr.
    %blend;
T_1.16;
    %store/vec4 v000001cdab103e90_0, 0, 3;
    %jmp T_1.6;
T_1.4 ;
    %pushi/vec4 0, 0, 3;
    %store/vec4 v000001cdab103e90_0, 0, 3;
    %jmp T_1.6;
T_1.6 ;
    %pop/vec4 1;
    %jmp T_1;
    .thread T_1, $push;
    .scope S_000001cdab0e6160;
T_2 ;
    %wait E_000001cdab0fc7a0;
    %load/vec4 v000001cdab104b10_0;
    %flag_set/vec4 8;
    %jmp/0xz  T_2.0, 8;
    %pushi/vec4 0, 0, 4;
    %assign/vec4 v000001cdab1041b0_0, 0;
    %pushi/vec4 0, 0, 1;
    %assign/vec4 v000001cdab1044d0_0, 0;
    %pushi/vec4 0, 0, 1;
    %assign/vec4 v000001cdab103530_0, 0;
    %jmp T_2.1;
T_2.0 ;
    %load/vec4 v000001cdab1030d0_0;
    %dup/vec4;
    %pushi/vec4 1, 0, 3;
    %cmp/u;
    %jmp/1 T_2.2, 6;
    %dup/vec4;
    %pushi/vec4 2, 0, 3;
    %cmp/u;
    %jmp/1 T_2.3, 6;
    %dup/vec4;
    %pushi/vec4 3, 0, 3;
    %cmp/u;
    %jmp/1 T_2.4, 6;
    %dup/vec4;
    %pushi/vec4 4, 0, 3;
    %cmp/u;
    %jmp/1 T_2.5, 6;
    %jmp T_2.6;
T_2.2 ;
    %load/vec4 v000001cdab104a70_0;
    %flag_set/vec4 8;
    %jmp/0xz  T_2.7, 8;
    %pushi/vec4 1, 0, 1;
    %assign/vec4 v000001cdab1044d0_0, 0;
    %load/vec4 v000001cdab1041b0_0;
    %addi 1, 0, 4;
    %assign/vec4 v000001cdab1041b0_0, 0;
T_2.7 ;
    %jmp T_2.6;
T_2.3 ;
    %pushi/vec4 0, 0, 1;
    %assign/vec4 v000001cdab1044d0_0, 0;
    %jmp T_2.6;
T_2.4 ;
    %pushi/vec4 1, 0, 1;
    %assign/vec4 v000001cdab103530_0, 0;
    %jmp T_2.6;
T_2.5 ;
    %pushi/vec4 0, 0, 4;
    %assign/vec4 v000001cdab1041b0_0, 0;
    %jmp T_2.6;
T_2.6 ;
    %pop/vec4 1;
T_2.1 ;
    %jmp T_2;
    .thread T_2;
    .scope S_000001cdab0e62f0;
T_3 ;
    %wait E_000001cdab0fc7a0;
    %load/vec4 v000001cdab15aac0_0;
    %flag_set/vec4 8;
    %jmp/0xz  T_3.0, 8;
    %pushi/vec4 0, 0, 3;
    %assign/vec4 v000001cdab15ab60_0, 0;
    %pushi/vec4 0, 0, 3;
    %assign/vec4 v000001cdab15bba0_0, 0;
    %pushi/vec4 0, 0, 7;
    %assign/vec4 v000001cdab15afc0_0, 0;
    %pushi/vec4 0, 0, 7;
    %assign/vec4 v000001cdab15aa20_0, 0;
    %pushi/vec4 0, 0, 1;
    %assign/vec4 v000001cdab15bce0_0, 0;
    %pushi/vec4 0, 0, 1;
    %assign/vec4 v000001cdab15bb00_0, 0;
    %jmp T_3.1;
T_3.0 ;
    %pushi/vec4 0, 0, 1;
    %assign/vec4 v000001cdab15bce0_0, 0;
    %load/vec4 v000001cdab15a980_0;
    %flag_set/vec4 8;
    %jmp/0xz  T_3.2, 8;
    %vpi_call 5 45 "$display", "LOAD: WRITE_PTR = %d, VAL = %d", v000001cdab15ab60_0, v000001cdab15ac00_0 {0 0 0};
    %load/vec4 v000001cdab15ac00_0;
    %load/vec4 v000001cdab15ab60_0;
    %pad/u 5;
    %ix/vec4 3;
    %ix/load 4, 0, 0; Constant delay
    %assign/vec4/a/d v000001cdab15bd80, 0, 4;
    %load/vec4 v000001cdab15ab60_0;
    %addi 1, 0, 3;
    %assign/vec4 v000001cdab15ab60_0, 0;
    %jmp T_3.3;
T_3.2 ;
    %load/vec4 v000001cdab15aca0_0;
    %flag_set/vec4 8;
    %jmp/0xz  T_3.4, 8;
    %load/vec4 v000001cdab15bba0_0;
    %pad/u 5;
    %ix/vec4 4;
    %load/vec4a v000001cdab15bd80, 4;
    %vpi_call 5 50 "$display", "ACCUMULATE: SUM = %d, ADD_PTR = %d, VAL = %d", v000001cdab15afc0_0, v000001cdab15bba0_0, S<0,vec4,u4> {1 0 0};
    %load/vec4 v000001cdab15bb00_0;
    %nor/r;
    %assign/vec4 v000001cdab15bb00_0, 0;
    %load/vec4 v000001cdab15bb00_0;
    %flag_set/vec4 8;
    %jmp/0xz  T_3.6, 8;
    %load/vec4 v000001cdab15bba0_0;
    %addi 1, 0, 3;
    %assign/vec4 v000001cdab15bba0_0, 0;
    %jmp T_3.7;
T_3.6 ;
    %load/vec4 v000001cdab15bc40_0;
    %assign/vec4 v000001cdab15afc0_0, 0;
T_3.7 ;
    %load/vec4 v000001cdab15bba0_0;
    %cmpi/e 7, 0, 3;
    %jmp/0xz  T_3.8, 4;
    %load/vec4 v000001cdab15bc40_0;
    %assign/vec4 v000001cdab15aa20_0, 0;
    %pushi/vec4 1, 0, 1;
    %assign/vec4 v000001cdab15bce0_0, 0;
    %pushi/vec4 0, 0, 3;
    %assign/vec4 v000001cdab15bba0_0, 0;
    %pushi/vec4 0, 0, 3;
    %assign/vec4 v000001cdab15ab60_0, 0;
    %pushi/vec4 0, 0, 7;
    %assign/vec4 v000001cdab15afc0_0, 0;
T_3.8 ;
T_3.4 ;
T_3.3 ;
T_3.1 ;
    %jmp T_3;
    .thread T_3;
    .scope S_000001cdab0fd0d0;
T_4 ;
    %pushi/vec4 0, 0, 1;
    %store/vec4 v000001cdab1669f0_0, 0, 1;
    %end;
    .thread T_4;
    .scope S_000001cdab0fd0d0;
T_5 ;
    %delay 5000, 0;
    %load/vec4 v000001cdab1669f0_0;
    %inv;
    %store/vec4 v000001cdab1669f0_0, 0, 1;
    %jmp T_5;
    .thread T_5;
    .scope S_000001cdab0fd0d0;
T_6 ;
    %pushi/vec4 3, 0, 4;
    %ix/load 4, 0, 0;
    %flag_set/imm 4, 0;
    %store/vec4a v000001cdab1664f0, 4, 0;
    %pushi/vec4 4, 0, 4;
    %ix/load 4, 1, 0;
    %flag_set/imm 4, 0;
    %store/vec4a v000001cdab1664f0, 4, 0;
    %pushi/vec4 5, 0, 4;
    %ix/load 4, 2, 0;
    %flag_set/imm 4, 0;
    %store/vec4a v000001cdab1664f0, 4, 0;
    %pushi/vec4 6, 0, 4;
    %ix/load 4, 3, 0;
    %flag_set/imm 4, 0;
    %store/vec4a v000001cdab1664f0, 4, 0;
    %pushi/vec4 7, 0, 4;
    %ix/load 4, 4, 0;
    %flag_set/imm 4, 0;
    %store/vec4a v000001cdab1664f0, 4, 0;
    %pushi/vec4 8, 0, 4;
    %ix/load 4, 5, 0;
    %flag_set/imm 4, 0;
    %store/vec4a v000001cdab1664f0, 4, 0;
    %pushi/vec4 9, 0, 4;
    %ix/load 4, 6, 0;
    %flag_set/imm 4, 0;
    %store/vec4a v000001cdab1664f0, 4, 0;
    %pushi/vec4 10, 0, 4;
    %ix/load 4, 7, 0;
    %flag_set/imm 4, 0;
    %store/vec4a v000001cdab1664f0, 4, 0;
    %pushi/vec4 1, 0, 1;
    %store/vec4 v000001cdab166090_0, 0, 1;
    %pushi/vec4 0, 0, 1;
    %store/vec4 v000001cdab165230_0, 0, 1;
    %pushi/vec4 0, 0, 4;
    %store/vec4 v000001cdab165af0_0, 0, 4;
    %delay 15000, 0;
    %pushi/vec4 0, 0, 1;
    %store/vec4 v000001cdab166090_0, 0, 1;
    %pushi/vec4 0, 0, 32;
    %store/vec4 v000001cdab165b90_0, 0, 32;
T_6.0 ;
    %load/vec4 v000001cdab165b90_0;
    %cmpi/s 8, 0, 32;
    %jmp/0xz T_6.1, 5;
    %wait E_000001cdab0fc0a0;
    %ix/getv/s 4, v000001cdab165b90_0;
    %load/vec4a v000001cdab1664f0, 4;
    %store/vec4 v000001cdab165af0_0, 0, 4;
    %pushi/vec4 1, 0, 1;
    %store/vec4 v000001cdab165230_0, 0, 1;
    %pushi/vec4 2, 0, 32;
T_6.2 %dup/vec4;
    %pushi/vec4 0, 0, 32;
    %cmp/s;
    %jmp/1xz T_6.3, 5;
    %jmp/1 T_6.3, 4;
    %pushi/vec4 1, 0, 32;
    %sub;
    %wait E_000001cdab0fc0a0;
    %jmp T_6.2;
T_6.3 ;
    %pop/vec4 1;
    %wait E_000001cdab0fc0a0;
    %pushi/vec4 0, 0, 1;
    %store/vec4 v000001cdab165230_0, 0, 1;
    %pushi/vec4 2, 0, 32;
T_6.4 %dup/vec4;
    %pushi/vec4 0, 0, 32;
    %cmp/s;
    %jmp/1xz T_6.5, 5;
    %jmp/1 T_6.5, 4;
    %pushi/vec4 1, 0, 32;
    %sub;
    %wait E_000001cdab0fc0a0;
    %jmp T_6.4;
T_6.5 ;
    %pop/vec4 1;
    %load/vec4 v000001cdab165b90_0;
    %addi 1, 0, 32;
    %store/vec4 v000001cdab165b90_0, 0, 32;
    %jmp T_6.0;
T_6.1 ;
    %pushi/vec4 10, 0, 32;
T_6.6 %dup/vec4;
    %pushi/vec4 0, 0, 32;
    %cmp/s;
    %jmp/1xz T_6.7, 5;
    %jmp/1 T_6.7, 4;
    %pushi/vec4 1, 0, 32;
    %sub;
    %wait E_000001cdab0fbee0;
    %jmp T_6.6;
T_6.7 ;
    %pop/vec4 1;
T_6.8 ;
    %load/vec4 v000001cdab1655f0_0;
    %cmpi/ne 1, 0, 1;
    %jmp/0xz T_6.9, 6;
    %wait E_000001cdab0fbba0;
    %jmp T_6.8;
T_6.9 ;
    %vpi_call 2 63 "$display", "SUM = %d", v000001cdab1668b0_0 {0 0 0};
    %delay 20000, 0;
    %vpi_call 2 65 "$finish" {0 0 0};
    %end;
    .thread T_6;
# The file index is used to find the file name in the following table.
:file_names 7;
    "N/A";
    "<interactive>";
    ".\tb_top.v";
    ".\top.v";
    ".\controller.v";
    ".\datapath.v";
    ".\modules.v";
