#! /c/Source/iverilog-install/bin/vvp
:ivl_version "12.0 (devel)" "(s20150603-1539-g2693dd32b)";
:ivl_delay_selection "TYPICAL";
:vpi_time_precision - 12;
:vpi_module "C:\iverilog\lib\ivl\system.vpi";
:vpi_module "C:\iverilog\lib\ivl\vhdl_sys.vpi";
:vpi_module "C:\iverilog\lib\ivl\vhdl_textio.vpi";
:vpi_module "C:\iverilog\lib\ivl\v2005_math.vpi";
:vpi_module "C:\iverilog\lib\ivl\va_math.vpi";
S_00000291ce78bd70 .scope module, "tb_top" "tb_top" 2 3;
 .timescale -9 -12;
v00000291ce7f0c80_0 .var "clk", 0 0;
v00000291ce7f1a40_0 .var "data_in", 3 0;
v00000291ce7f1d60_0 .var "data_valid", 0 0;
v00000291ce7f0be0_0 .net "done", 0 0, v00000291ce7e7c00_0;  1 drivers
v00000291ce7f14a0_0 .var/i "i", 31 0;
v00000291ce7f1ea0 .array "input_array", 7 0, 3 0;
v00000291ce7f1ae0_0 .net "result", 6 0, v00000291ce7e61c0_0;  1 drivers
v00000291ce7f1220_0 .var "rst", 0 0;
E_00000291ce789a80 .event anyedge, v00000291ce7e7c00_0;
E_00000291ce789840 .event negedge, v00000291ce781240_0;
S_00000291ce78b1d0 .scope module, "uut" "top" 2 12, 3 2 0, S_00000291ce78bd70;
 .timescale -9 -12;
    .port_info 0 /INPUT 1 "clk";
    .port_info 1 /INPUT 1 "rst";
    .port_info 2 /INPUT 1 "data_valid";
    .port_info 3 /INPUT 4 "data_in";
    .port_info 4 /OUTPUT 7 "result";
    .port_info 5 /OUTPUT 1 "done";
L_00000291ce78a9f0 .functor BUFZ 1, v00000291ce7e7c00_0, C4<0>, C4<0>, C4<0>;
v00000291ce7e77a0_0 .net "accumulate", 0 0, v00000291ce7819c0_0;  1 drivers
v00000291ce7e69e0_0 .net "clk", 0 0, v00000291ce7f0c80_0;  1 drivers
v00000291ce7e7840_0 .net "data_in", 3 0, v00000291ce7f1a40_0;  1 drivers
v00000291ce7e6080_0 .net "data_valid", 0 0, v00000291ce7f1d60_0;  1 drivers
v00000291ce7e6c60_0 .net "done", 0 0, v00000291ce7e7c00_0;  alias, 1 drivers
v00000291ce7e6d00_0 .net "done_wire", 0 0, L_00000291ce78a9f0;  1 drivers
v00000291ce7e6da0_0 .net "load", 0 0, v00000291ce781b00_0;  1 drivers
v00000291ce7f0fa0_0 .net "result", 6 0, v00000291ce7e61c0_0;  alias, 1 drivers
v00000291ce7f06e0_0 .net "rst", 0 0, v00000291ce7f1220_0;  1 drivers
S_00000291ce78b360 .scope module, "u_controller" "controller" 3 15, 4 2 0, S_00000291ce78b1d0;
 .timescale -9 -12;
    .port_info 0 /INPUT 1 "clk";
    .port_info 1 /INPUT 1 "rst";
    .port_info 2 /INPUT 1 "data_valid";
    .port_info 3 /INPUT 1 "done";
    .port_info 4 /OUTPUT 1 "load";
    .port_info 5 /OUTPUT 1 "accumulate";
P_00000291ce784cf0 .param/l "ACCUM" 0 4 16, C4<011>;
P_00000291ce784d28 .param/l "DONE" 0 4 17, C4<100>;
P_00000291ce784d60 .param/l "IDLE" 0 4 13, C4<000>;
P_00000291ce784d98 .param/l "LOAD_1" 0 4 14, C4<001>;
P_00000291ce784dd0 .param/l "LOAD_2" 0 4 15, C4<010>;
v00000291ce7819c0_0 .var "accumulate", 0 0;
v00000291ce781240_0 .net "clk", 0 0, v00000291ce7f0c80_0;  alias, 1 drivers
v00000291ce780fc0_0 .var "count", 3 0;
v00000291ce781560_0 .net "data_valid", 0 0, v00000291ce7f1d60_0;  alias, 1 drivers
v00000291ce7816a0_0 .net "done", 0 0, L_00000291ce78a9f0;  alias, 1 drivers
v00000291ce781b00_0 .var "load", 0 0;
v00000291ce780520_0 .var "next", 2 0;
v00000291ce779840_0 .net "rst", 0 0, v00000291ce7f1220_0;  alias, 1 drivers
v00000291ce7798e0_0 .var "state", 2 0;
E_00000291ce788400 .event posedge, v00000291ce779840_0, v00000291ce781240_0;
E_00000291ce788340 .event posedge, v00000291ce781240_0;
S_00000291ce7694d0 .scope module, "u_datapath" "datapath" 3 24, 5 2 0, S_00000291ce78b1d0;
 .timescale -9 -12;
    .port_info 0 /INPUT 1 "clk";
    .port_info 1 /INPUT 1 "rst";
    .port_info 2 /INPUT 1 "load";
    .port_info 3 /INPUT 1 "accumulate";
    .port_info 4 /INPUT 4 "data_in";
    .port_info 5 /OUTPUT 7 "result";
    .port_info 6 /OUTPUT 1 "done";
L_00000291ce8100d0 .functor BUFT 1, C4<000>, C4<0>, C4<0>, C4<0>;
v00000291ce7e70c0_0 .net/2u *"_ivl_0", 2 0, L_00000291ce8100d0;  1 drivers
v00000291ce7e6a80_0 .net *"_ivl_2", 3 0, L_00000291ce7f0320;  1 drivers
v00000291ce7e7480_0 .net *"_ivl_4", 4 0, L_00000291ce7f1400;  1 drivers
L_00000291ce810118 .functor BUFT 1, C4<00>, C4<0>, C4<0>, C4<0>;
v00000291ce7e7b60_0 .net *"_ivl_7", 1 0, L_00000291ce810118;  1 drivers
v00000291ce7e6760_0 .net "accumulate", 0 0, v00000291ce7819c0_0;  alias, 1 drivers
v00000291ce7e64e0_0 .var "accumulating", 0 0;
v00000291ce7e68a0_0 .var "add_ptr", 2 0;
v00000291ce7e6940_0 .net "adder_out", 6 0, L_00000291ce7f1b80;  1 drivers
v00000291ce7e7160_0 .net "clk", 0 0, v00000291ce7f0c80_0;  alias, 1 drivers
v00000291ce7e7200_0 .net "cout", 0 0, L_00000291ce858bd0;  1 drivers
v00000291ce7e6b20_0 .net "data_in", 3 0, v00000291ce7f1a40_0;  alias, 1 drivers
v00000291ce7e7c00_0 .var "done", 0 0;
v00000291ce7e7520_0 .net "load", 0 0, v00000291ce781b00_0;  alias, 1 drivers
v00000291ce7e72a0 .array "regs", 7 0, 3 0;
v00000291ce7e61c0_0 .var "result", 6 0;
v00000291ce7e6300_0 .net "rst", 0 0, v00000291ce7f1220_0;  alias, 1 drivers
v00000291ce7e6580_0 .var "temp_sum", 6 0;
v00000291ce7e75c0_0 .var "write_ptr", 2 0;
L_00000291ce7f0320 .array/port v00000291ce7e72a0, L_00000291ce7f1400;
L_00000291ce7f1400 .concat [ 3 2 0 0], v00000291ce7e68a0_0, L_00000291ce810118;
L_00000291ce7f1c20 .concat [ 4 3 0 0], L_00000291ce7f0320, L_00000291ce8100d0;
S_00000291ce769660 .scope module, "adder" "ripple_adder_7bit" 5 22, 6 12 0, S_00000291ce7694d0;
 .timescale -9 -12;
    .port_info 0 /INPUT 7 "a";
    .port_info 1 /INPUT 7 "b";
    .port_info 2 /OUTPUT 7 "sum";
    .port_info 3 /OUTPUT 1 "cout";
o00000291ce794378 .functor BUFZ 1, C4<z>; HiZ drive
; Elide local net with no drivers, v00000291ce7e6260_0 name=_ivl_71
v00000291ce7e7a20_0 .net "a", 6 0, v00000291ce7e6580_0;  1 drivers
v00000291ce7e7660_0 .net "b", 6 0, L_00000291ce7f1c20;  1 drivers
v00000291ce7e7de0_0 .net "carry", 6 0, L_00000291ce7f0460;  1 drivers
v00000291ce7e73e0_0 .net "cout", 0 0, L_00000291ce858bd0;  alias, 1 drivers
v00000291ce7e7ac0_0 .net "sum", 6 0, L_00000291ce7f1b80;  alias, 1 drivers
L_00000291ce7f0780 .part v00000291ce7e6580_0, 0, 1;
L_00000291ce7f03c0 .part L_00000291ce7f1c20, 0, 1;
L_00000291ce7f0b40 .part v00000291ce7e6580_0, 1, 1;
L_00000291ce7f0aa0 .part L_00000291ce7f1c20, 1, 1;
L_00000291ce7f0e60 .part L_00000291ce7f0460, 0, 1;
L_00000291ce7f0d20 .part v00000291ce7e6580_0, 2, 1;
L_00000291ce7f1860 .part L_00000291ce7f1c20, 2, 1;
L_00000291ce7f0820 .part L_00000291ce7f0460, 1, 1;
L_00000291ce7f1900 .part v00000291ce7e6580_0, 3, 1;
L_00000291ce7f17c0 .part L_00000291ce7f1c20, 3, 1;
L_00000291ce7f0dc0 .part L_00000291ce7f0460, 2, 1;
L_00000291ce7f0f00 .part v00000291ce7e6580_0, 4, 1;
L_00000291ce7f1180 .part L_00000291ce7f1c20, 4, 1;
L_00000291ce7f1040 .part L_00000291ce7f0460, 3, 1;
L_00000291ce7f19a0 .part v00000291ce7e6580_0, 5, 1;
L_00000291ce7f12c0 .part L_00000291ce7f1c20, 5, 1;
L_00000291ce7f08c0 .part L_00000291ce7f0460, 4, 1;
L_00000291ce7f10e0 .part v00000291ce7e6580_0, 6, 1;
L_00000291ce7f05a0 .part L_00000291ce7f1c20, 6, 1;
L_00000291ce7f1360 .part L_00000291ce7f0460, 5, 1;
LS_00000291ce7f1b80_0_0 .concat8 [ 1 1 1 1], L_00000291ce78a750, L_00000291ce78b080, L_00000291ce78aec0, L_00000291ce78a210;
LS_00000291ce7f1b80_0_4 .concat8 [ 1 1 1 0], L_00000291ce8581c0, L_00000291ce8585b0, L_00000291ce858d90;
L_00000291ce7f1b80 .concat8 [ 4 3 0 0], LS_00000291ce7f1b80_0_0, LS_00000291ce7f1b80_0_4;
LS_00000291ce7f0460_0_0 .concat [ 1 1 1 1], L_00000291ce78ac90, L_00000291ce78ae50, L_00000291ce78b0f0, L_00000291ce76c7e0;
LS_00000291ce7f0460_0_4 .concat [ 1 1 1 0], L_00000291ce858460, L_00000291ce8588c0, o00000291ce794378;
L_00000291ce7f0460 .concat [ 4 3 0 0], LS_00000291ce7f0460_0_0, LS_00000291ce7f0460_0_4;
S_00000291ce764890 .scope module, "fa0" "full_adder" 6 20, 6 1 0, S_00000291ce769660;
 .timescale -9 -12;
    .port_info 0 /INPUT 1 "a";
    .port_info 1 /INPUT 1 "b";
    .port_info 2 /INPUT 1 "cin";
    .port_info 3 /OUTPUT 1 "sum";
    .port_info 4 /OUTPUT 1 "cout";
L_00000291ce78aad0 .functor XOR 1, L_00000291ce7f0780, L_00000291ce7f03c0, C4<0>, C4<0>;
L_00000291ce810088 .functor BUFT 1, C4<0>, C4<0>, C4<0>, C4<0>;
L_00000291ce78a750 .functor XOR 1, L_00000291ce78aad0, L_00000291ce810088, C4<0>, C4<0>;
L_00000291ce78a440 .functor AND 1, L_00000291ce7f0780, L_00000291ce7f03c0, C4<1>, C4<1>;
L_00000291ce78a830 .functor AND 1, L_00000291ce7f03c0, L_00000291ce810088, C4<1>, C4<1>;
L_00000291ce78a6e0 .functor OR 1, L_00000291ce78a440, L_00000291ce78a830, C4<0>, C4<0>;
L_00000291ce78abb0 .functor AND 1, L_00000291ce7f0780, L_00000291ce810088, C4<1>, C4<1>;
L_00000291ce78ac90 .functor OR 1, L_00000291ce78a6e0, L_00000291ce78abb0, C4<0>, C4<0>;
v00000291ce779980_0 .net *"_ivl_0", 0 0, L_00000291ce78aad0;  1 drivers
v00000291ce7e2790_0 .net *"_ivl_10", 0 0, L_00000291ce78abb0;  1 drivers
v00000291ce7e3910_0 .net *"_ivl_4", 0 0, L_00000291ce78a440;  1 drivers
v00000291ce7e2dd0_0 .net *"_ivl_6", 0 0, L_00000291ce78a830;  1 drivers
v00000291ce7e3af0_0 .net *"_ivl_8", 0 0, L_00000291ce78a6e0;  1 drivers
v00000291ce7e2150_0 .net "a", 0 0, L_00000291ce7f0780;  1 drivers
v00000291ce7e1f70_0 .net "b", 0 0, L_00000291ce7f03c0;  1 drivers
v00000291ce7e2fb0_0 .net "cin", 0 0, L_00000291ce810088;  1 drivers
v00000291ce7e2e70_0 .net "cout", 0 0, L_00000291ce78ac90;  1 drivers
v00000291ce7e2f10_0 .net "sum", 0 0, L_00000291ce78a750;  1 drivers
S_00000291ce764a20 .scope module, "fa1" "full_adder" 6 21, 6 1 0, S_00000291ce769660;
 .timescale -9 -12;
    .port_info 0 /INPUT 1 "a";
    .port_info 1 /INPUT 1 "b";
    .port_info 2 /INPUT 1 "cin";
    .port_info 3 /OUTPUT 1 "sum";
    .port_info 4 /OUTPUT 1 "cout";
L_00000291ce78a8a0 .functor XOR 1, L_00000291ce7f0b40, L_00000291ce7f0aa0, C4<0>, C4<0>;
L_00000291ce78b080 .functor XOR 1, L_00000291ce78a8a0, L_00000291ce7f0e60, C4<0>, C4<0>;
L_00000291ce78ac20 .functor AND 1, L_00000291ce7f0b40, L_00000291ce7f0aa0, C4<1>, C4<1>;
L_00000291ce78afa0 .functor AND 1, L_00000291ce7f0aa0, L_00000291ce7f0e60, C4<1>, C4<1>;
L_00000291ce78a360 .functor OR 1, L_00000291ce78ac20, L_00000291ce78afa0, C4<0>, C4<0>;
L_00000291ce78a670 .functor AND 1, L_00000291ce7f0b40, L_00000291ce7f0e60, C4<1>, C4<1>;
L_00000291ce78ae50 .functor OR 1, L_00000291ce78a360, L_00000291ce78a670, C4<0>, C4<0>;
v00000291ce7e3050_0 .net *"_ivl_0", 0 0, L_00000291ce78a8a0;  1 drivers
v00000291ce7e39b0_0 .net *"_ivl_10", 0 0, L_00000291ce78a670;  1 drivers
v00000291ce7e2d30_0 .net *"_ivl_4", 0 0, L_00000291ce78ac20;  1 drivers
v00000291ce7e2290_0 .net *"_ivl_6", 0 0, L_00000291ce78afa0;  1 drivers
v00000291ce7e1e30_0 .net *"_ivl_8", 0 0, L_00000291ce78a360;  1 drivers
v00000291ce7e1ed0_0 .net "a", 0 0, L_00000291ce7f0b40;  1 drivers
v00000291ce7e2010_0 .net "b", 0 0, L_00000291ce7f0aa0;  1 drivers
v00000291ce7e2ab0_0 .net "cin", 0 0, L_00000291ce7f0e60;  1 drivers
v00000291ce7e34b0_0 .net "cout", 0 0, L_00000291ce78ae50;  1 drivers
v00000291ce7e3b90_0 .net "sum", 0 0, L_00000291ce78b080;  1 drivers
S_00000291ce7e5e00 .scope module, "fa2" "full_adder" 6 22, 6 1 0, S_00000291ce769660;
 .timescale -9 -12;
    .port_info 0 /INPUT 1 "a";
    .port_info 1 /INPUT 1 "b";
    .port_info 2 /INPUT 1 "cin";
    .port_info 3 /OUTPUT 1 "sum";
    .port_info 4 /OUTPUT 1 "cout";
L_00000291ce78ad70 .functor XOR 1, L_00000291ce7f0d20, L_00000291ce7f1860, C4<0>, C4<0>;
L_00000291ce78aec0 .functor XOR 1, L_00000291ce78ad70, L_00000291ce7f0820, C4<0>, C4<0>;
L_00000291ce78a7c0 .functor AND 1, L_00000291ce7f0d20, L_00000291ce7f1860, C4<1>, C4<1>;
L_00000291ce78a3d0 .functor AND 1, L_00000291ce7f1860, L_00000291ce7f0820, C4<1>, C4<1>;
L_00000291ce78b010 .functor OR 1, L_00000291ce78a7c0, L_00000291ce78a3d0, C4<0>, C4<0>;
L_00000291ce78ad00 .functor AND 1, L_00000291ce7f0d20, L_00000291ce7f0820, C4<1>, C4<1>;
L_00000291ce78b0f0 .functor OR 1, L_00000291ce78b010, L_00000291ce78ad00, C4<0>, C4<0>;
v00000291ce7e3190_0 .net *"_ivl_0", 0 0, L_00000291ce78ad70;  1 drivers
v00000291ce7e3c30_0 .net *"_ivl_10", 0 0, L_00000291ce78ad00;  1 drivers
v00000291ce7e30f0_0 .net *"_ivl_4", 0 0, L_00000291ce78a7c0;  1 drivers
v00000291ce7e3230_0 .net *"_ivl_6", 0 0, L_00000291ce78a3d0;  1 drivers
v00000291ce7e2970_0 .net *"_ivl_8", 0 0, L_00000291ce78b010;  1 drivers
v00000291ce7e3a50_0 .net "a", 0 0, L_00000291ce7f0d20;  1 drivers
v00000291ce7e26f0_0 .net "b", 0 0, L_00000291ce7f1860;  1 drivers
v00000291ce7e20b0_0 .net "cin", 0 0, L_00000291ce7f0820;  1 drivers
v00000291ce7e32d0_0 .net "cout", 0 0, L_00000291ce78b0f0;  1 drivers
v00000291ce7e2c90_0 .net "sum", 0 0, L_00000291ce78aec0;  1 drivers
S_00000291ce7632a0 .scope module, "fa3" "full_adder" 6 23, 6 1 0, S_00000291ce769660;
 .timescale -9 -12;
    .port_info 0 /INPUT 1 "a";
    .port_info 1 /INPUT 1 "b";
    .port_info 2 /INPUT 1 "cin";
    .port_info 3 /OUTPUT 1 "sum";
    .port_info 4 /OUTPUT 1 "cout";
L_00000291ce78a590 .functor XOR 1, L_00000291ce7f1900, L_00000291ce7f17c0, C4<0>, C4<0>;
L_00000291ce78a210 .functor XOR 1, L_00000291ce78a590, L_00000291ce7f0dc0, C4<0>, C4<0>;
L_00000291ce78a280 .functor AND 1, L_00000291ce7f1900, L_00000291ce7f17c0, C4<1>, C4<1>;
L_00000291ce78a600 .functor AND 1, L_00000291ce7f17c0, L_00000291ce7f0dc0, C4<1>, C4<1>;
L_00000291ce78a2f0 .functor OR 1, L_00000291ce78a280, L_00000291ce78a600, C4<0>, C4<0>;
L_00000291ce78a4b0 .functor AND 1, L_00000291ce7f1900, L_00000291ce7f0dc0, C4<1>, C4<1>;
L_00000291ce76c7e0 .functor OR 1, L_00000291ce78a2f0, L_00000291ce78a4b0, C4<0>, C4<0>;
v00000291ce7e3370_0 .net *"_ivl_0", 0 0, L_00000291ce78a590;  1 drivers
v00000291ce7e2bf0_0 .net *"_ivl_10", 0 0, L_00000291ce78a4b0;  1 drivers
v00000291ce7e37d0_0 .net *"_ivl_4", 0 0, L_00000291ce78a280;  1 drivers
v00000291ce7e2330_0 .net *"_ivl_6", 0 0, L_00000291ce78a600;  1 drivers
v00000291ce7e3410_0 .net *"_ivl_8", 0 0, L_00000291ce78a2f0;  1 drivers
v00000291ce7e3550_0 .net "a", 0 0, L_00000291ce7f1900;  1 drivers
v00000291ce7e3cd0_0 .net "b", 0 0, L_00000291ce7f17c0;  1 drivers
v00000291ce7e25b0_0 .net "cin", 0 0, L_00000291ce7f0dc0;  1 drivers
v00000291ce7e3870_0 .net "cout", 0 0, L_00000291ce76c7e0;  1 drivers
v00000291ce7e21f0_0 .net "sum", 0 0, L_00000291ce78a210;  1 drivers
S_00000291ce763430 .scope module, "fa4" "full_adder" 6 24, 6 1 0, S_00000291ce769660;
 .timescale -9 -12;
    .port_info 0 /INPUT 1 "a";
    .port_info 1 /INPUT 1 "b";
    .port_info 2 /INPUT 1 "cin";
    .port_info 3 /OUTPUT 1 "sum";
    .port_info 4 /OUTPUT 1 "cout";
L_00000291ce858f50 .functor XOR 1, L_00000291ce7f0f00, L_00000291ce7f1180, C4<0>, C4<0>;
L_00000291ce8581c0 .functor XOR 1, L_00000291ce858f50, L_00000291ce7f1040, C4<0>, C4<0>;
L_00000291ce858cb0 .functor AND 1, L_00000291ce7f0f00, L_00000291ce7f1180, C4<1>, C4<1>;
L_00000291ce8583f0 .functor AND 1, L_00000291ce7f1180, L_00000291ce7f1040, C4<1>, C4<1>;
L_00000291ce858310 .functor OR 1, L_00000291ce858cb0, L_00000291ce8583f0, C4<0>, C4<0>;
L_00000291ce858540 .functor AND 1, L_00000291ce7f0f00, L_00000291ce7f1040, C4<1>, C4<1>;
L_00000291ce858460 .functor OR 1, L_00000291ce858310, L_00000291ce858540, C4<0>, C4<0>;
v00000291ce7e23d0_0 .net *"_ivl_0", 0 0, L_00000291ce858f50;  1 drivers
v00000291ce7e35f0_0 .net *"_ivl_10", 0 0, L_00000291ce858540;  1 drivers
v00000291ce7e2470_0 .net *"_ivl_4", 0 0, L_00000291ce858cb0;  1 drivers
v00000291ce7e2510_0 .net *"_ivl_6", 0 0, L_00000291ce8583f0;  1 drivers
v00000291ce7e2830_0 .net *"_ivl_8", 0 0, L_00000291ce858310;  1 drivers
v00000291ce7e2650_0 .net "a", 0 0, L_00000291ce7f0f00;  1 drivers
v00000291ce7e2a10_0 .net "b", 0 0, L_00000291ce7f1180;  1 drivers
v00000291ce7e28d0_0 .net "cin", 0 0, L_00000291ce7f1040;  1 drivers
v00000291ce7e3690_0 .net "cout", 0 0, L_00000291ce858460;  1 drivers
v00000291ce7e2b50_0 .net "sum", 0 0, L_00000291ce8581c0;  1 drivers
S_00000291ce75b110 .scope module, "fa5" "full_adder" 6 25, 6 1 0, S_00000291ce769660;
 .timescale -9 -12;
    .port_info 0 /INPUT 1 "a";
    .port_info 1 /INPUT 1 "b";
    .port_info 2 /INPUT 1 "cin";
    .port_info 3 /OUTPUT 1 "sum";
    .port_info 4 /OUTPUT 1 "cout";
L_00000291ce858a10 .functor XOR 1, L_00000291ce7f19a0, L_00000291ce7f12c0, C4<0>, C4<0>;
L_00000291ce8585b0 .functor XOR 1, L_00000291ce858a10, L_00000291ce7f08c0, C4<0>, C4<0>;
L_00000291ce858620 .functor AND 1, L_00000291ce7f19a0, L_00000291ce7f12c0, C4<1>, C4<1>;
L_00000291ce858930 .functor AND 1, L_00000291ce7f12c0, L_00000291ce7f08c0, C4<1>, C4<1>;
L_00000291ce858af0 .functor OR 1, L_00000291ce858620, L_00000291ce858930, C4<0>, C4<0>;
L_00000291ce858fc0 .functor AND 1, L_00000291ce7f19a0, L_00000291ce7f08c0, C4<1>, C4<1>;
L_00000291ce8588c0 .functor OR 1, L_00000291ce858af0, L_00000291ce858fc0, C4<0>, C4<0>;
v00000291ce7e3730_0 .net *"_ivl_0", 0 0, L_00000291ce858a10;  1 drivers
v00000291ce7e6800_0 .net *"_ivl_10", 0 0, L_00000291ce858fc0;  1 drivers
v00000291ce7e6ee0_0 .net *"_ivl_4", 0 0, L_00000291ce858620;  1 drivers
v00000291ce7e7700_0 .net *"_ivl_6", 0 0, L_00000291ce858930;  1 drivers
v00000291ce7e63a0_0 .net *"_ivl_8", 0 0, L_00000291ce858af0;  1 drivers
v00000291ce7e78e0_0 .net "a", 0 0, L_00000291ce7f19a0;  1 drivers
v00000291ce7e5fe0_0 .net "b", 0 0, L_00000291ce7f12c0;  1 drivers
v00000291ce7e7e80_0 .net "cin", 0 0, L_00000291ce7f08c0;  1 drivers
v00000291ce7e6440_0 .net "cout", 0 0, L_00000291ce8588c0;  1 drivers
v00000291ce7e6bc0_0 .net "sum", 0 0, L_00000291ce8585b0;  1 drivers
S_00000291ce75b2a0 .scope module, "fa6" "full_adder" 6 26, 6 1 0, S_00000291ce769660;
 .timescale -9 -12;
    .port_info 0 /INPUT 1 "a";
    .port_info 1 /INPUT 1 "b";
    .port_info 2 /INPUT 1 "cin";
    .port_info 3 /OUTPUT 1 "sum";
    .port_info 4 /OUTPUT 1 "cout";
L_00000291ce858d20 .functor XOR 1, L_00000291ce7f10e0, L_00000291ce7f05a0, C4<0>, C4<0>;
L_00000291ce858d90 .functor XOR 1, L_00000291ce858d20, L_00000291ce7f1360, C4<0>, C4<0>;
L_00000291ce858690 .functor AND 1, L_00000291ce7f10e0, L_00000291ce7f05a0, C4<1>, C4<1>;
L_00000291ce858700 .functor AND 1, L_00000291ce7f05a0, L_00000291ce7f1360, C4<1>, C4<1>;
L_00000291ce858e00 .functor OR 1, L_00000291ce858690, L_00000291ce858700, C4<0>, C4<0>;
L_00000291ce8584d0 .functor AND 1, L_00000291ce7f10e0, L_00000291ce7f1360, C4<1>, C4<1>;
L_00000291ce858bd0 .functor OR 1, L_00000291ce858e00, L_00000291ce8584d0, C4<0>, C4<0>;
v00000291ce7e66c0_0 .net *"_ivl_0", 0 0, L_00000291ce858d20;  1 drivers
v00000291ce7e6f80_0 .net *"_ivl_10", 0 0, L_00000291ce8584d0;  1 drivers
v00000291ce7e6120_0 .net *"_ivl_4", 0 0, L_00000291ce858690;  1 drivers
v00000291ce7e7ca0_0 .net *"_ivl_6", 0 0, L_00000291ce858700;  1 drivers
v00000291ce7e6620_0 .net *"_ivl_8", 0 0, L_00000291ce858e00;  1 drivers
v00000291ce7e7d40_0 .net "a", 0 0, L_00000291ce7f10e0;  1 drivers
v00000291ce7e7340_0 .net "b", 0 0, L_00000291ce7f05a0;  1 drivers
v00000291ce7e6e40_0 .net "cin", 0 0, L_00000291ce7f1360;  1 drivers
v00000291ce7e7980_0 .net "cout", 0 0, L_00000291ce858bd0;  alias, 1 drivers
v00000291ce7e7020_0 .net "sum", 0 0, L_00000291ce858d90;  1 drivers
    .scope S_00000291ce78b360;
T_0 ;
    %wait E_00000291ce788400;
    %load/vec4 v00000291ce779840_0;
    %flag_set/vec4 8;
    %jmp/0xz  T_0.0, 8;
    %pushi/vec4 0, 0, 3;
    %assign/vec4 v00000291ce7798e0_0, 0;
    %jmp T_0.1;
T_0.0 ;
    %load/vec4 v00000291ce780520_0;
    %assign/vec4 v00000291ce7798e0_0, 0;
T_0.1 ;
    %jmp T_0;
    .thread T_0;
    .scope S_00000291ce78b360;
T_1 ;
    %wait E_00000291ce788340;
    %vpi_call 4 28 "$display", "CLK = %d, RST = %d, DATA_VALID = %d, LOAD = %d, STATE = %d, COUNT = %d, DONE = %d", $time, v00000291ce779840_0, v00000291ce781560_0, v00000291ce781b00_0, v00000291ce7798e0_0, v00000291ce780fc0_0, v00000291ce7816a0_0 {0 0 0};
    %load/vec4 v00000291ce7798e0_0;
    %dup/vec4;
    %pushi/vec4 0, 0, 3;
    %cmp/u;
    %jmp/1 T_1.0, 6;
    %dup/vec4;
    %pushi/vec4 1, 0, 3;
    %cmp/u;
    %jmp/1 T_1.1, 6;
    %dup/vec4;
    %pushi/vec4 2, 0, 3;
    %cmp/u;
    %jmp/1 T_1.2, 6;
    %dup/vec4;
    %pushi/vec4 3, 0, 3;
    %cmp/u;
    %jmp/1 T_1.3, 6;
    %dup/vec4;
    %pushi/vec4 4, 0, 3;
    %cmp/u;
    %jmp/1 T_1.4, 6;
    %pushi/vec4 0, 0, 3;
    %store/vec4 v00000291ce780520_0, 0, 3;
    %jmp T_1.6;
T_1.0 ;
    %load/vec4 v00000291ce779840_0;
    %nor/r;
    %flag_set/vec4 8;
    %jmp/0 T_1.7, 8;
    %pushi/vec4 1, 0, 3;
    %jmp/1 T_1.8, 8;
T_1.7 ; End of true expr.
    %pushi/vec4 0, 0, 3;
    %jmp/0 T_1.8, 8;
 ; End of false expr.
    %blend;
T_1.8;
    %store/vec4 v00000291ce780520_0, 0, 3;
    %jmp T_1.6;
T_1.1 ;
    %load/vec4 v00000291ce780fc0_0;
    %pad/u 32;
    %cmpi/e 8, 0, 32;
    %flag_mov 8, 4;
    %jmp/0 T_1.9, 8;
    %pushi/vec4 3, 0, 3;
    %jmp/1 T_1.10, 8;
T_1.9 ; End of true expr.
    %load/vec4 v00000291ce781560_0;
    %flag_set/vec4 9;
    %jmp/0 T_1.11, 9;
    %pushi/vec4 2, 0, 3;
    %jmp/1 T_1.12, 9;
T_1.11 ; End of true expr.
    %pushi/vec4 1, 0, 3;
    %jmp/0 T_1.12, 9;
 ; End of false expr.
    %blend;
T_1.12;
    %jmp/0 T_1.10, 8;
 ; End of false expr.
    %blend;
T_1.10;
    %store/vec4 v00000291ce780520_0, 0, 3;
    %jmp T_1.6;
T_1.2 ;
    %load/vec4 v00000291ce781560_0;
    %flag_set/vec4 8;
    %jmp/0 T_1.13, 8;
    %pushi/vec4 2, 0, 3;
    %jmp/1 T_1.14, 8;
T_1.13 ; End of true expr.
    %pushi/vec4 1, 0, 3;
    %jmp/0 T_1.14, 8;
 ; End of false expr.
    %blend;
T_1.14;
    %store/vec4 v00000291ce780520_0, 0, 3;
    %jmp T_1.6;
T_1.3 ;
    %load/vec4 v00000291ce7816a0_0;
    %flag_set/vec4 8;
    %jmp/0 T_1.15, 8;
    %pushi/vec4 4, 0, 3;
    %jmp/1 T_1.16, 8;
T_1.15 ; End of true expr.
    %pushi/vec4 3, 0, 3;
    %jmp/0 T_1.16, 8;
 ; End of false expr.
    %blend;
T_1.16;
    %store/vec4 v00000291ce780520_0, 0, 3;
    %jmp T_1.6;
T_1.4 ;
    %pushi/vec4 0, 0, 3;
    %store/vec4 v00000291ce780520_0, 0, 3;
    %jmp T_1.6;
T_1.6 ;
    %pop/vec4 1;
    %jmp T_1;
    .thread T_1;
    .scope S_00000291ce78b360;
T_2 ;
    %wait E_00000291ce788400;
    %load/vec4 v00000291ce779840_0;
    %flag_set/vec4 8;
    %jmp/0xz  T_2.0, 8;
    %pushi/vec4 0, 0, 4;
    %assign/vec4 v00000291ce780fc0_0, 0;
    %pushi/vec4 0, 0, 1;
    %assign/vec4 v00000291ce781b00_0, 0;
    %pushi/vec4 0, 0, 1;
    %assign/vec4 v00000291ce7819c0_0, 0;
    %jmp T_2.1;
T_2.0 ;
    %load/vec4 v00000291ce7798e0_0;
    %dup/vec4;
    %pushi/vec4 1, 0, 3;
    %cmp/u;
    %jmp/1 T_2.2, 6;
    %dup/vec4;
    %pushi/vec4 2, 0, 3;
    %cmp/u;
    %jmp/1 T_2.3, 6;
    %dup/vec4;
    %pushi/vec4 3, 0, 3;
    %cmp/u;
    %jmp/1 T_2.4, 6;
    %dup/vec4;
    %pushi/vec4 4, 0, 3;
    %cmp/u;
    %jmp/1 T_2.5, 6;
    %jmp T_2.6;
T_2.2 ;
    %load/vec4 v00000291ce781560_0;
    %flag_set/vec4 8;
    %jmp/0xz  T_2.7, 8;
    %pushi/vec4 1, 0, 1;
    %assign/vec4 v00000291ce781b00_0, 0;
    %load/vec4 v00000291ce780fc0_0;
    %addi 1, 0, 4;
    %assign/vec4 v00000291ce780fc0_0, 0;
T_2.7 ;
    %jmp T_2.6;
T_2.3 ;
    %pushi/vec4 0, 0, 1;
    %assign/vec4 v00000291ce781b00_0, 0;
    %jmp T_2.6;
T_2.4 ;
    %pushi/vec4 1, 0, 1;
    %assign/vec4 v00000291ce7819c0_0, 0;
    %jmp T_2.6;
T_2.5 ;
    %pushi/vec4 0, 0, 4;
    %assign/vec4 v00000291ce780fc0_0, 0;
    %jmp T_2.6;
T_2.6 ;
    %pop/vec4 1;
T_2.1 ;
    %jmp T_2;
    .thread T_2;
    .scope S_00000291ce7694d0;
T_3 ;
    %wait E_00000291ce788400;
    %load/vec4 v00000291ce7e6300_0;
    %flag_set/vec4 8;
    %jmp/0xz  T_3.0, 8;
    %pushi/vec4 0, 0, 3;
    %assign/vec4 v00000291ce7e75c0_0, 0;
    %pushi/vec4 0, 0, 3;
    %assign/vec4 v00000291ce7e68a0_0, 0;
    %pushi/vec4 0, 0, 7;
    %assign/vec4 v00000291ce7e6580_0, 0;
    %pushi/vec4 0, 0, 7;
    %assign/vec4 v00000291ce7e61c0_0, 0;
    %pushi/vec4 0, 0, 1;
    %assign/vec4 v00000291ce7e7c00_0, 0;
    %pushi/vec4 0, 0, 1;
    %assign/vec4 v00000291ce7e64e0_0, 0;
    %jmp T_3.1;
T_3.0 ;
    %pushi/vec4 0, 0, 1;
    %assign/vec4 v00000291ce7e7c00_0, 0;
    %load/vec4 v00000291ce7e7520_0;
    %flag_set/vec4 8;
    %jmp/0xz  T_3.2, 8;
    %vpi_call 5 45 "$display", "LOAD: WRITE_PTR = %d, VAL = %d", v00000291ce7e75c0_0, v00000291ce7e6b20_0 {0 0 0};
    %load/vec4 v00000291ce7e6b20_0;
    %load/vec4 v00000291ce7e75c0_0;
    %pad/u 5;
    %ix/vec4 3;
    %ix/load 4, 0, 0; Constant delay
    %assign/vec4/a/d v00000291ce7e72a0, 0, 4;
    %load/vec4 v00000291ce7e75c0_0;
    %addi 1, 0, 3;
    %assign/vec4 v00000291ce7e75c0_0, 0;
    %jmp T_3.3;
T_3.2 ;
    %load/vec4 v00000291ce7e6760_0;
    %flag_set/vec4 8;
    %jmp/0xz  T_3.4, 8;
    %load/vec4 v00000291ce7e68a0_0;
    %pad/u 5;
    %ix/vec4 4;
    %load/vec4a v00000291ce7e72a0, 4;
    %vpi_call 5 50 "$display", "ACCUMULATE: SUM = %d, ADD_PTR = %d, VAL = %d", v00000291ce7e6580_0, v00000291ce7e68a0_0, S<0,vec4,u4> {1 0 0};
    %load/vec4 v00000291ce7e6940_0;
    %assign/vec4 v00000291ce7e6580_0, 0;
    %load/vec4 v00000291ce7e68a0_0;
    %addi 1, 0, 3;
    %assign/vec4 v00000291ce7e68a0_0, 0;
    %load/vec4 v00000291ce7e68a0_0;
    %cmpi/e 7, 0, 3;
    %jmp/0xz  T_3.6, 4;
    %load/vec4 v00000291ce7e6940_0;
    %assign/vec4 v00000291ce7e61c0_0, 0;
    %pushi/vec4 1, 0, 1;
    %assign/vec4 v00000291ce7e7c00_0, 0;
    %pushi/vec4 0, 0, 3;
    %assign/vec4 v00000291ce7e68a0_0, 0;
    %pushi/vec4 0, 0, 3;
    %assign/vec4 v00000291ce7e75c0_0, 0;
    %pushi/vec4 0, 0, 7;
    %assign/vec4 v00000291ce7e6580_0, 0;
T_3.6 ;
T_3.4 ;
T_3.3 ;
T_3.1 ;
    %jmp T_3;
    .thread T_3;
    .scope S_00000291ce78bd70;
T_4 ;
    %pushi/vec4 0, 0, 1;
    %store/vec4 v00000291ce7f0c80_0, 0, 1;
    %end;
    .thread T_4;
    .scope S_00000291ce78bd70;
T_5 ;
    %delay 5000, 0;
    %load/vec4 v00000291ce7f0c80_0;
    %inv;
    %store/vec4 v00000291ce7f0c80_0, 0, 1;
    %jmp T_5;
    .thread T_5;
    .scope S_00000291ce78bd70;
T_6 ;
    %pushi/vec4 3, 0, 4;
    %ix/load 4, 0, 0;
    %flag_set/imm 4, 0;
    %store/vec4a v00000291ce7f1ea0, 4, 0;
    %pushi/vec4 4, 0, 4;
    %ix/load 4, 1, 0;
    %flag_set/imm 4, 0;
    %store/vec4a v00000291ce7f1ea0, 4, 0;
    %pushi/vec4 5, 0, 4;
    %ix/load 4, 2, 0;
    %flag_set/imm 4, 0;
    %store/vec4a v00000291ce7f1ea0, 4, 0;
    %pushi/vec4 6, 0, 4;
    %ix/load 4, 3, 0;
    %flag_set/imm 4, 0;
    %store/vec4a v00000291ce7f1ea0, 4, 0;
    %pushi/vec4 7, 0, 4;
    %ix/load 4, 4, 0;
    %flag_set/imm 4, 0;
    %store/vec4a v00000291ce7f1ea0, 4, 0;
    %pushi/vec4 8, 0, 4;
    %ix/load 4, 5, 0;
    %flag_set/imm 4, 0;
    %store/vec4a v00000291ce7f1ea0, 4, 0;
    %pushi/vec4 9, 0, 4;
    %ix/load 4, 6, 0;
    %flag_set/imm 4, 0;
    %store/vec4a v00000291ce7f1ea0, 4, 0;
    %pushi/vec4 10, 0, 4;
    %ix/load 4, 7, 0;
    %flag_set/imm 4, 0;
    %store/vec4a v00000291ce7f1ea0, 4, 0;
    %pushi/vec4 1, 0, 1;
    %store/vec4 v00000291ce7f1220_0, 0, 1;
    %pushi/vec4 0, 0, 1;
    %store/vec4 v00000291ce7f1d60_0, 0, 1;
    %pushi/vec4 0, 0, 4;
    %store/vec4 v00000291ce7f1a40_0, 0, 4;
    %delay 15000, 0;
    %pushi/vec4 0, 0, 1;
    %store/vec4 v00000291ce7f1220_0, 0, 1;
    %pushi/vec4 0, 0, 32;
    %store/vec4 v00000291ce7f14a0_0, 0, 32;
T_6.0 ;
    %load/vec4 v00000291ce7f14a0_0;
    %cmpi/s 8, 0, 32;
    %jmp/0xz T_6.1, 5;
    %wait E_00000291ce789840;
    %ix/getv/s 4, v00000291ce7f14a0_0;
    %load/vec4a v00000291ce7f1ea0, 4;
    %store/vec4 v00000291ce7f1a40_0, 0, 4;
    %pushi/vec4 1, 0, 1;
    %store/vec4 v00000291ce7f1d60_0, 0, 1;
    %pushi/vec4 2, 0, 32;
T_6.2 %dup/vec4;
    %pushi/vec4 0, 0, 32;
    %cmp/s;
    %jmp/1xz T_6.3, 5;
    %jmp/1 T_6.3, 4;
    %pushi/vec4 1, 0, 32;
    %sub;
    %wait E_00000291ce789840;
    %jmp T_6.2;
T_6.3 ;
    %pop/vec4 1;
    %pushi/vec4 0, 0, 1;
    %store/vec4 v00000291ce7f1d60_0, 0, 1;
    %pushi/vec4 2, 0, 32;
T_6.4 %dup/vec4;
    %pushi/vec4 0, 0, 32;
    %cmp/s;
    %jmp/1xz T_6.5, 5;
    %jmp/1 T_6.5, 4;
    %pushi/vec4 1, 0, 32;
    %sub;
    %wait E_00000291ce789840;
    %jmp T_6.4;
T_6.5 ;
    %pop/vec4 1;
    %load/vec4 v00000291ce7f14a0_0;
    %addi 1, 0, 32;
    %store/vec4 v00000291ce7f14a0_0, 0, 32;
    %jmp T_6.0;
T_6.1 ;
    %pushi/vec4 10, 0, 32;
T_6.6 %dup/vec4;
    %pushi/vec4 0, 0, 32;
    %cmp/s;
    %jmp/1xz T_6.7, 5;
    %jmp/1 T_6.7, 4;
    %pushi/vec4 1, 0, 32;
    %sub;
    %wait E_00000291ce788340;
    %jmp T_6.6;
T_6.7 ;
    %pop/vec4 1;
T_6.8 ;
    %load/vec4 v00000291ce7f0be0_0;
    %cmpi/ne 1, 0, 1;
    %jmp/0xz T_6.9, 6;
    %wait E_00000291ce789a80;
    %jmp T_6.8;
T_6.9 ;
    %vpi_call 2 63 "$display", "SUM = %d", v00000291ce7f1ae0_0 {0 0 0};
    %delay 20000, 0;
    %vpi_call 2 65 "$finish" {0 0 0};
    %end;
    .thread T_6;
# The file index is used to find the file name in the following table.
:file_names 7;
    "N/A";
    "<interactive>";
    ".\tb_top.v";
    ".\top.v";
    ".\controller.v";
    ".\datapath.v";
    ".\modules.v";
